
**** 01/21/25 04:40:39 ********* PSpice 9.2 (Mar 2000) ******** ID# 1 ********

 ** Profile: "SCHEMATIC1-run"  [ C:\USERS\SHAHAB\DESKTOP\EC\CA2\ca2-SCHEMATIC1-run.sim ] 


 ****     CIRCUIT DESCRIPTION


******************************************************************************




** Creating circuit file "ca2-SCHEMATIC1-run.sim.cir" 
** WARNING: THIS AUTOMATICALLY GENERATED FILE MAY BE OVERWRITTEN BY SUBSEQUENT SIMULATIONS

*Libraries: 
* Local Libraries :
* From [PSPICE NETLIST] section of C:\Program Files\Orcad\PSpice\PSpice.ini file:
.lib "nom.lib" 

*Analysis directives: 
.TRAN  0 5m 0 
.PROBE V(*) I(*) W(*) D(*) NOISE(*) 
.INC ".\ca2-SCHEMATIC1.net" 



**** INCLUDING ca2-SCHEMATIC1.net ****
* source CA2
L_L3         N11986 0  4m  
R_R2         N10482 N10531  1k  
V_V1         N004210 0 1
R_R3         N11986 N10531  2k  
C_C1         0 N10531  1u IC=0 
X_U1         N004210 N10482 Sw_tClose PARAMS: tClose=0 ttran=1u Rclosed=0.01
+  Ropen=1Meg

**** RESUMING ca2-SCHEMATIC1-run.sim.cir ****
.END

**** 01/21/25 04:40:39 ********* PSpice 9.2 (Mar 2000) ******** ID# 1 ********

 ** Profile: "SCHEMATIC1-run"  [ C:\USERS\SHAHAB\DESKTOP\EC\CA2\ca2-SCHEMATIC1-run.sim ] 


 ****     Voltage Controlled Switch MODEL PARAMETERS


******************************************************************************




               X_U1.Smod       
         RON     .01         
        ROFF    1.000000E+06 
         VON    1            
        VOFF    0            


**** 01/21/25 04:40:39 ********* PSpice 9.2 (Mar 2000) ******** ID# 1 ********

 ** Profile: "SCHEMATIC1-run"  [ C:\USERS\SHAHAB\DESKTOP\EC\CA2\ca2-SCHEMATIC1-run.sim ] 


 ****     INITIAL TRANSIENT SOLUTION       TEMPERATURE =   27.000 DEG C


******************************************************************************



 NODE   VOLTAGE     NODE   VOLTAGE     NODE   VOLTAGE     NODE   VOLTAGE


(N10482) 999.0E-06 (N10531) 1.998E-09 (N11986)    0.0000 (X_U1.3)    0.0000     

(N004210)    1.0000                   




    VOLTAGE SOURCE CURRENTS
    NAME         CURRENT

    V_V1        -9.990E-07
    X_U1.V1      0.000E+00

    TOTAL POWER DISSIPATION   9.99E-07  WATTS



          JOB CONCLUDED

          TOTAL JOB TIME             .03
