
**** 01/19/25 16:53:02 ********* PSpice 9.2 (Mar 2000) ******** ID# 1 ********

 ** Profile: "SCHEMATIC1-run"  [ C:\USERS\SHAHAB\DESKTOP\EC\CA2\q1-SCHEMATIC1-run.sim ] 


 ****     CIRCUIT DESCRIPTION


******************************************************************************




** Creating circuit file "q1-SCHEMATIC1-run.sim.cir" 
** WARNING: THIS AUTOMATICALLY GENERATED FILE MAY BE OVERWRITTEN BY SUBSEQUENT SIMULATIONS

*Libraries: 
* Local Libraries :
* From [PSPICE NETLIST] section of C:\Program Files\Orcad\PSpice\PSpice.ini file:
.lib "nom.lib" 

*Analysis directives: 
.TRAN  0 10 0 
.PROBE V(*) I(*) W(*) D(*) NOISE(*) 
.INC ".\q1-SCHEMATIC1.net" 



**** INCLUDING q1-SCHEMATIC1.net ****
* source Q1
R_R1         N00634 N00963  0.5  
C_C1         N00603 N00634  1 IC=0 
R_R2         0 N00963  1  
C_C2         0 N00634  1 IC=0 
R_R3         N00682 N00634  6  
E_E1         N00603 N00682 N00634 N00963 2
V_V1         N004210 0 1
X_U1         N004210 N00682 Sw_tClose PARAMS: tClose=0 ttran=1u Rclosed=0.01
+  Ropen=1Meg

**** RESUMING q1-SCHEMATIC1-run.sim.cir ****
.END

**** 01/19/25 16:53:02 ********* PSpice 9.2 (Mar 2000) ******** ID# 1 ********

 ** Profile: "SCHEMATIC1-run"  [ C:\USERS\SHAHAB\DESKTOP\EC\CA2\q1-SCHEMATIC1-run.sim ] 


 ****     Voltage Controlled Switch MODEL PARAMETERS


******************************************************************************




               X_U1.Smod       
         RON     .01         
        ROFF    1.000000E+06 
         VON    1            
        VOFF    0            


**** 01/19/25 16:53:02 ********* PSpice 9.2 (Mar 2000) ******** ID# 1 ********

 ** Profile: "SCHEMATIC1-run"  [ C:\USERS\SHAHAB\DESKTOP\EC\CA2\q1-SCHEMATIC1-run.sim ] 


 ****     INITIAL TRANSIENT SOLUTION       TEMPERATURE =   27.000 DEG C


******************************************************************************



 NODE   VOLTAGE     NODE   VOLTAGE     NODE   VOLTAGE     NODE   VOLTAGE


(N00603) 3.997E-09 (N00634) 1.997E-09 (N00682) 2.666E-09 (N00963) 1.332E-09     

(X_U1.3)    0.0000 (N004210)    1.0000                   




    VOLTAGE SOURCE CURRENTS
    NAME         CURRENT

    V_V1        -1.000E-06
    X_U1.V1      0.000E+00

    TOTAL POWER DISSIPATION   1.00E-06  WATTS



          JOB CONCLUDED

          TOTAL JOB TIME             .13
