
**** 01/04/25 15:54:58 ********* PSpice 9.2 (Mar 2000) ******** ID# 1 ********

 ** Profile: "SCHEMATIC1-run"  [ C:\Users\Shahab\Desktop\ec\CA1\q2-SCHEMATIC1-run.sim ] 


 ****     CIRCUIT DESCRIPTION


******************************************************************************




** Creating circuit file "q2-SCHEMATIC1-run.sim.cir" 
** WARNING: THIS AUTOMATICALLY GENERATED FILE MAY BE OVERWRITTEN BY SUBSEQUENT SIMULATIONS

*Libraries: 
* Local Libraries :
* From [PSPICE NETLIST] section of C:\Program Files\Orcad\PSpice\PSpice.ini file:
.lib "nom.lib" 

*Analysis directives: 
.DC LIN I_I3 0 10 0.5 
.PROBE V(*) I(*) W(*) D(*) NOISE(*) 
.INC ".\q2-SCHEMATIC1.net" 



**** INCLUDING q2-SCHEMATIC1.net ****
* source Q2
I_I3         N00574 N00644 DC 3  
R_R1         N00574 N00971  1  
R_R2         N00644 N00971  4  
V_V3         N05141 0 8
R_R3         0 N00574  2  
X_H1    N05141 N00971 N00644 0 SCHEMATIC1_H1 

.subckt SCHEMATIC1_H1 1 2 3 4  
H_H1         3 4 VH_H1 3
VH_H1         1 2 0V
.ends SCHEMATIC1_H1

**** RESUMING q2-SCHEMATIC1-run.sim.cir ****
.END


          JOB CONCLUDED

          TOTAL JOB TIME             .03
