
**** 01/04/25 22:59:45 ********* PSpice 9.2 (Mar 2000) ******** ID# 1 ********

 ** Profile: "SCHEMATIC1-hg"  [ C:\Users\Shahab\Desktop\ec\CA1\q3-SCHEMATIC1-hg.sim ] 


 ****     CIRCUIT DESCRIPTION


******************************************************************************




** Creating circuit file "q3-SCHEMATIC1-hg.sim.cir" 
** WARNING: THIS AUTOMATICALLY GENERATED FILE MAY BE OVERWRITTEN BY SUBSEQUENT SIMULATIONS

*Libraries: 
* Local Libraries :
* From [PSPICE NETLIST] section of C:\Program Files\Orcad\PSpice\PSpice.ini file:
.lib "nom.lib" 

*Analysis directives: 
.TRAN  0 4000us 0 
.PROBE V(*) I(*) W(*) D(*) NOISE(*) 
.INC ".\q3-SCHEMATIC1.net" 



**** INCLUDING q3-SCHEMATIC1.net ****
* source Q3
C_C1         N084370 N02521  100u IC=0 
I_I1         0 N00884 DC 5  
R_R1         0 N00884  4  
R_R2         0 N00291  6  
R_R3         N00291 N00884  2  
R_R7         0 N02940  5  
E_E1         N00291 N00884 N00884 0 2
R_R6         N02898 N02940  6  
X_U1         0 N084370 Sw_tClose PARAMS: tClose=0 ttran=1u Rclosed=0.01
+  Ropen=1Meg
V_V1         N02898 0 20
R_R8         N00291 N02521  2  

**** RESUMING q3-SCHEMATIC1-hg.sim.cir ****
.END

**** 01/04/25 22:59:45 ********* PSpice 9.2 (Mar 2000) ******** ID# 1 ********

 ** Profile: "SCHEMATIC1-hg"  [ C:\Users\Shahab\Desktop\ec\CA1\q3-SCHEMATIC1-hg.sim ] 


 ****     Voltage Controlled Switch MODEL PARAMETERS


******************************************************************************




               X_U1.Smod       
         RON     .01         
        ROFF    1.000000E+06 
         VON    1            
        VOFF    0            


**** 01/04/25 22:59:45 ********* PSpice 9.2 (Mar 2000) ******** ID# 1 ********

 ** Profile: "SCHEMATIC1-hg"  [ C:\Users\Shahab\Desktop\ec\CA1\q3-SCHEMATIC1-hg.sim ] 


 ****     INITIAL TRANSIENT SOLUTION       TEMPERATURE =   27.000 DEG C


******************************************************************************



 NODE   VOLTAGE     NODE   VOLTAGE     NODE   VOLTAGE     NODE   VOLTAGE


(N00291)   20.0000 (N00884)    6.6666 (N02521)   20.0000 (N02898)   20.0000     

(N02940)    9.0909 (X_U1.3)    0.0000 (N084370)   20.0000                   




    VOLTAGE SOURCE CURRENTS
    NAME         CURRENT

    V_V1        -1.818E+00
    X_U1.V1      0.000E+00

    TOTAL POWER DISSIPATION   3.64E+01  WATTS



          JOB CONCLUDED

          TOTAL JOB TIME             .13
