
**** 01/04/25 19:41:30 ********* PSpice 9.2 (Mar 2000) ******** ID# 1 ********

 ** Profile: "SCHEMATIC1-run"  [ C:\Users\Shahab\Desktop\ec\CA1\q3-schematic1-run.sim ] 


 ****     CIRCUIT DESCRIPTION


******************************************************************************




** Creating circuit file "q3-schematic1-run.sim.cir" 
** WARNING: THIS AUTOMATICALLY GENERATED FILE MAY BE OVERWRITTEN BY SUBSEQUENT SIMULATIONS

*Libraries: 
* Local Libraries :
* From [PSPICE NETLIST] section of C:\Program Files\Orcad\PSpice\PSpice.ini file:
.lib "nom.lib" 

*Analysis directives: 
.PROBE V(*) I(*) W(*) D(*) NOISE(*) 
.INC ".\q3-SCHEMATIC1.net" 



**** INCLUDING q3-SCHEMATIC1.net ****
* source Q3
I_I1         0 N00231 DC 5  
R_R1         0 N00231  4  
R_R2         0 N00291  6  
R_R3         N00291 N00231  2  
R_R7         0 N02940  5  
R_R5         0 N00291  5  
E_E1         N00291 N00231 N00231 0 2
R_R6         N02898 N02940  6  
V_V1         N02898 0 20

**** RESUMING q3-schematic1-run.sim.cir ****
.END

**** 01/04/25 19:41:30 ********* PSpice 9.2 (Mar 2000) ******** ID# 1 ********

 ** Profile: "SCHEMATIC1-run"  [ C:\Users\Shahab\Desktop\ec\CA1\q3-schematic1-run.sim ] 


 ****     SMALL SIGNAL BIAS SOLUTION       TEMPERATURE =   27.000 DEG C


******************************************************************************



 NODE   VOLTAGE     NODE   VOLTAGE     NODE   VOLTAGE     NODE   VOLTAGE


(N00231)    3.7037 (N00291)   11.1110 (N02898)   20.0000 (N02940)    9.0909 




    VOLTAGE SOURCE CURRENTS
    NAME         CURRENT

    V_V1        -1.818E+00

    TOTAL POWER DISSIPATION   3.64E+01  WATTS



          JOB CONCLUDED

          TOTAL JOB TIME            0.00
