#! /c/Source/iverilog-install/bin/vvp
:ivl_version "12.0 (devel)" "(s20150603-1539-g2693dd32b)";
:ivl_delay_selection "TYPICAL";
:vpi_time_precision - 9;
:vpi_module "C:\iverilog\lib\ivl\system.vpi";
:vpi_module "C:\iverilog\lib\ivl\vhdl_sys.vpi";
:vpi_module "C:\iverilog\lib\ivl\vhdl_textio.vpi";
:vpi_module "C:\iverilog\lib\ivl\v2005_math.vpi";
:vpi_module "C:\iverilog\lib\ivl\va_math.vpi";
:vpi_module "C:\iverilog\lib\ivl\v2009.vpi";
S_00000154f0ff5a20 .scope package, "$unit" "$unit" 2 1;
 .timescale 0 0;
S_00000154f0f09560 .scope module, "B_TB" "B_TB" 3 4;
 .timescale -9 -9;
v00000154f1060d10_0 .net "address_to_memory", 3 0, L_00000154f10acf10;  1 drivers
v00000154f10612b0_0 .var "clk", 0 0;
v00000154f1060db0_0 .net "data_in", 7 0, L_00000154f0fec2f0;  1 drivers
v00000154f1061350_0 .net "done", 0 0, v00000154f0fd7cf0_0;  1 drivers
v00000154f1060310_0 .net "final_output", 24 0, L_00000154f10ac3d0;  1 drivers
v00000154f1061710_0 .var "rst", 0 0;
v00000154f105f410_0 .var "start", 0 0;
v00000154f1060e50_0 .var "start_address", 3 0;
E_00000154f0fc92d0 .event anyedge, v00000154f0fd7e30_0;
S_00000154f0f096f0 .scope module, "main" "DeterminantCalculator_3in3" 3 25, 4 4 0, S_00000154f0f09560;
 .timescale -9 -9;
    .port_info 0 /INPUT 1 "clk";
    .port_info 1 /INPUT 4 "start_address";
    .port_info 2 /INPUT 8 "data_in";
    .port_info 3 /OUTPUT 4 "address_to_memory";
    .port_info 4 /INPUT 1 "start";
    .port_info 5 /OUTPUT 1 "done";
    .port_info 6 /INPUT 1 "rst";
    .port_info 7 /OUTPUT 25 "final_output";
v00000154f105f230_0 .net "address_to_memory", 3 0, L_00000154f10acf10;  alias, 1 drivers
v00000154f1060090_0 .net "cal_end", 0 0, L_00000154f0fecc90;  1 drivers
v00000154f105f4b0_0 .net "clk", 0 0, v00000154f10612b0_0;  1 drivers
v00000154f1060770_0 .net "count_en", 0 0, v00000154f0fd8f10_0;  1 drivers
v00000154f10604f0_0 .net "count_load", 0 0, v00000154f0fd7390_0;  1 drivers
v00000154f105fcd0_0 .net "data_in", 7 0, L_00000154f0fec2f0;  alias, 1 drivers
v00000154f1060810_0 .net "dec_en1", 0 0, v00000154f0fd7b10_0;  1 drivers
v00000154f105f2d0_0 .net "dec_en2", 0 0, v00000154f0fd79d0_0;  1 drivers
v00000154f1060950_0 .net "det_done", 0 0, v00000154f10471a0_0;  1 drivers
v00000154f1060270_0 .net "det_rst", 0 0, v00000154f0fd8d30_0;  1 drivers
v00000154f1060c70_0 .net "det_start", 0 0, v00000154f0fd7c50_0;  1 drivers
v00000154f1061030_0 .net "done", 0 0, v00000154f0fd7cf0_0;  alias, 1 drivers
v00000154f10609f0_0 .net "final_output", 24 0, L_00000154f10ac3d0;  alias, 1 drivers
v00000154f105f9b0_0 .net "load_end", 0 0, L_00000154f0fec9f0;  1 drivers
v00000154f1060a90_0 .net "mul_end", 0 0, L_00000154f0fec830;  1 drivers
v00000154f1061530_0 .net "reset_all", 0 0, v00000154f0fd7ed0_0;  1 drivers
v00000154f10618f0_0 .net "rst", 0 0, v00000154f1061710_0;  1 drivers
v00000154f1060b30_0 .net "start", 0 0, v00000154f105f410_0;  1 drivers
v00000154f1061210_0 .net "start_address", 3 0, v00000154f1060e50_0;  1 drivers
S_00000154f0f133c0 .scope module, "controller" "B_Controller" 4 17, 5 1 0, S_00000154f0f096f0;
 .timescale -9 -9;
    .port_info 0 /INPUT 1 "clk";
    .port_info 1 /INPUT 1 "rst";
    .port_info 2 /INPUT 1 "start";
    .port_info 3 /OUTPUT 1 "reset_all";
    .port_info 4 /OUTPUT 1 "count_load";
    .port_info 5 /OUTPUT 1 "count_en";
    .port_info 6 /OUTPUT 1 "det_start";
    .port_info 7 /OUTPUT 1 "det_rst";
    .port_info 8 /OUTPUT 1 "dec_en1";
    .port_info 9 /OUTPUT 1 "dec_en2";
    .port_info 10 /INPUT 1 "mul_end";
    .port_info 11 /INPUT 1 "load_end";
    .port_info 12 /INPUT 1 "cal_end";
    .port_info 13 /INPUT 1 "det_done";
    .port_info 14 /OUTPUT 1 "done";
P_00000154f0f13550 .param/l "DET_CAL_2IN2" 0 5 8, +C4<00000000000000000000000000000010>;
P_00000154f0f13588 .param/l "FINAL_CALS" 0 5 8, +C4<00000000000000000000000000000110>;
P_00000154f0f135c0 .param/l "IDLE" 0 5 8, +C4<00000000000000000000000000000000>;
P_00000154f0f135f8 .param/l "LOAD" 0 5 8, +C4<00000000000000000000000000000001>;
P_00000154f0f13630 .param/l "MULTIPLICATION" 0 5 8, +C4<00000000000000000000000000000100>;
P_00000154f0f13668 .param/l "SAVING_DETS" 0 5 8, +C4<00000000000000000000000000000011>;
P_00000154f0f136a0 .param/l "SAVING_MULS" 0 5 8, +C4<00000000000000000000000000000101>;
v00000154f0fd8dd0_0 .var "Y", 2 0;
v00000154f0fd8a10_0 .net "cal_end", 0 0, L_00000154f0fecc90;  alias, 1 drivers
v00000154f0fd8790_0 .net "clk", 0 0, v00000154f10612b0_0;  alias, 1 drivers
v00000154f0fd8f10_0 .var "count_en", 0 0;
v00000154f0fd7390_0 .var "count_load", 0 0;
v00000154f0fd7b10_0 .var "dec_en1", 0 0;
v00000154f0fd79d0_0 .var "dec_en2", 0 0;
v00000154f0fd7570_0 .net "det_done", 0 0, v00000154f10471a0_0;  alias, 1 drivers
v00000154f0fd8d30_0 .var "det_rst", 0 0;
v00000154f0fd7c50_0 .var "det_start", 0 0;
v00000154f0fd7cf0_0 .var "done", 0 0;
v00000154f0fd8bf0_0 .net "load_end", 0 0, L_00000154f0fec9f0;  alias, 1 drivers
v00000154f0fd7e30_0 .net "mul_end", 0 0, L_00000154f0fec830;  alias, 1 drivers
v00000154f0fd7ed0_0 .var "reset_all", 0 0;
v00000154f0fd7f70_0 .net "rst", 0 0, v00000154f1061710_0;  alias, 1 drivers
v00000154f0fd83d0_0 .net "start", 0 0, v00000154f105f410_0;  alias, 1 drivers
v00000154f0fd80b0_0 .var "y", 2 0;
E_00000154f0fc9b10/0 .event anyedge, v00000154f0fd80b0_0, v00000154f0fd83d0_0, v00000154f0fd7f70_0, v00000154f0fd8bf0_0;
E_00000154f0fc9b10/1 .event anyedge, v00000154f0fd7570_0, v00000154f0fd8a10_0, v00000154f0fd7e30_0;
E_00000154f0fc9b10 .event/or E_00000154f0fc9b10/0, E_00000154f0fc9b10/1;
E_00000154f0fc9bd0/0 .event negedge, v00000154f0fd7f70_0;
E_00000154f0fc9bd0/1 .event posedge, v00000154f0fd8790_0;
E_00000154f0fc9bd0 .event/or E_00000154f0fc9bd0/0, E_00000154f0fc9bd0/1;
S_00000154f0f12ec0 .scope module, "datapath" "B_Datapath" 4 15, 6 42 0, S_00000154f0f096f0;
 .timescale -9 -9;
    .port_info 0 /INPUT 1 "clk";
    .port_info 1 /INPUT 4 "start_address";
    .port_info 2 /INPUT 8 "data_in";
    .port_info 3 /OUTPUT 4 "address_to_memory";
    .port_info 4 /OUTPUT 1 "cal_end";
    .port_info 5 /OUTPUT 1 "det_done";
    .port_info 6 /INPUT 1 "det_start";
    .port_info 7 /INPUT 1 "det_rst";
    .port_info 8 /INPUT 1 "reset_all";
    .port_info 9 /INPUT 1 "count_load";
    .port_info 10 /OUTPUT 1 "load_end";
    .port_info 11 /OUTPUT 1 "mul_end";
    .port_info 12 /INPUT 1 "count_en";
    .port_info 13 /INPUT 1 "dec_en1";
    .port_info 14 /INPUT 1 "dec_en2";
    .port_info 15 /OUTPUT 25 "final_output";
L_00000154f0fecfa0 .functor BUFZ 8, v00000154f10434d0_0, C4<00000000>, C4<00000000>, C4<00000000>;
L_00000154f0fec440 .functor BUFZ 8, v00000154f1043070_0, C4<00000000>, C4<00000000>, C4<00000000>;
L_00000154f0fec280 .functor BUFZ 8, v00000154f10425d0_0, C4<00000000>, C4<00000000>, C4<00000000>;
L_00000154f0fec7c0 .functor BUFZ 8, v00000154f10436b0_0, C4<00000000>, C4<00000000>, C4<00000000>;
L_00000154f0fec210 .functor BUFZ 8, v00000154f1042fd0_0, C4<00000000>, C4<00000000>, C4<00000000>;
L_00000154f0fec4b0 .functor BUFZ 8, v00000154f1043cf0_0, C4<00000000>, C4<00000000>, C4<00000000>;
L_00000154f0fecbb0 .functor BUFZ 8, v00000154f1043ed0_0, C4<00000000>, C4<00000000>, C4<00000000>;
L_00000154f0fec520 .functor BUFZ 8, v00000154f1047d80_0, C4<00000000>, C4<00000000>, C4<00000000>;
L_00000154f0fec600 .functor BUFZ 8, v00000154f10479c0_0, C4<00000000>, C4<00000000>, C4<00000000>;
L_00000154f0fec9f0 .functor AND 1, L_00000154f105fb90, L_00000154f1060130, C4<1>, C4<1>;
L_00000154f0fecc90 .functor AND 1, L_00000154f1062070, L_00000154f1062570, C4<1>, C4<1>;
L_00000154f0fec830 .functor AND 1, L_00000154f10acc90, L_00000154f10ad050, C4<1>, C4<1>;
L_00000154f0fec8a0 .functor BUFZ 24, v00000154f1054cd0_0, C4<000000000000000000000000>, C4<000000000000000000000000>, C4<000000000000000000000000>;
L_00000154f0feca60 .functor BUFZ 24, v00000154f10533d0_0, C4<000000000000000000000000>, C4<000000000000000000000000>, C4<000000000000000000000000>;
L_00000154f0fed0f0 .functor BUFZ 24, v00000154f10549b0_0, C4<000000000000000000000000>, C4<000000000000000000000000>, C4<000000000000000000000000>;
v00000154f1053b50_0 .net *"_ivl_102", 0 0, L_00000154f10abb10;  1 drivers
v00000154f1053ab0_0 .net *"_ivl_104", 0 0, L_00000154f10abe30;  1 drivers
v00000154f1053c90_0 .net *"_ivl_112", 0 0, L_00000154f10acc90;  1 drivers
v00000154f1053d30_0 .net *"_ivl_114", 0 0, L_00000154f10ad050;  1 drivers
v00000154f105d210_0 .net *"_ivl_116", 0 0, L_00000154f10aca10;  1 drivers
v00000154f105e9d0_0 .net *"_ivl_118", 0 0, L_00000154f10ac970;  1 drivers
v00000154f105ecf0_0 .net *"_ivl_122", 0 0, L_00000154f10ac830;  1 drivers
v00000154f105e890_0 .net *"_ivl_124", 0 0, L_00000154f10acab0;  1 drivers
v00000154f105da30_0 .net *"_ivl_40", 0 0, L_00000154f105fb90;  1 drivers
v00000154f105d3f0_0 .net *"_ivl_42", 0 0, L_00000154f1060130;  1 drivers
v00000154f105ef70_0 .net *"_ivl_44", 0 0, L_00000154f1062ed0;  1 drivers
v00000154f105ed90_0 .net *"_ivl_46", 0 0, L_00000154f1061ad0;  1 drivers
v00000154f105e250_0 .net *"_ivl_50", 0 0, L_00000154f1062b10;  1 drivers
v00000154f105ddf0_0 .net *"_ivl_52", 0 0, L_00000154f1061cb0;  1 drivers
v00000154f105eb10_0 .net *"_ivl_68", 0 0, L_00000154f1062070;  1 drivers
v00000154f105ec50_0 .net *"_ivl_70", 0 0, L_00000154f1062570;  1 drivers
v00000154f105db70_0 .net *"_ivl_72", 0 0, L_00000154f1061990;  1 drivers
v00000154f105ebb0_0 .net *"_ivl_74", 0 0, L_00000154f10622f0;  1 drivers
v00000154f105dd50_0 .net *"_ivl_78", 0 0, L_00000154f1062610;  1 drivers
v00000154f105e1b0_0 .net *"_ivl_80", 0 0, L_00000154f1063010;  1 drivers
v00000154f105eed0_0 .net *"_ivl_93", 0 0, L_00000154f10ab7f0;  1 drivers
v00000154f105de90_0 .net *"_ivl_95", 0 0, L_00000154f10ac330;  1 drivers
v00000154f105d990_0 .net "a", 7 0, L_00000154f0fecfa0;  1 drivers
v00000154f105dad0 .array "abcdefghi", 8 0;
v00000154f105dad0_0 .net v00000154f105dad0 0, 7 0, v00000154f10434d0_0; 1 drivers
v00000154f105dad0_1 .net v00000154f105dad0 1, 7 0, v00000154f1043070_0; 1 drivers
v00000154f105dad0_2 .net v00000154f105dad0 2, 7 0, v00000154f10425d0_0; 1 drivers
v00000154f105dad0_3 .net v00000154f105dad0 3, 7 0, v00000154f10436b0_0; 1 drivers
v00000154f105dad0_4 .net v00000154f105dad0 4, 7 0, v00000154f1042fd0_0; 1 drivers
v00000154f105dad0_5 .net v00000154f105dad0 5, 7 0, v00000154f1043cf0_0; 1 drivers
v00000154f105dad0_6 .net v00000154f105dad0 6, 7 0, v00000154f1043ed0_0; 1 drivers
v00000154f105dad0_7 .net v00000154f105dad0 7, 7 0, v00000154f1047d80_0; 1 drivers
v00000154f105dad0_8 .net v00000154f105dad0 8, 7 0, v00000154f10479c0_0; 1 drivers
v00000154f105dc10_0 .net "address_to_memory", 3 0, L_00000154f10acf10;  alias, 1 drivers
v00000154f105d350_0 .net "b", 7 0, L_00000154f0fec440;  1 drivers
v00000154f105d530_0 .net "c", 7 0, L_00000154f0fec280;  1 drivers
v00000154f105e610_0 .net "cal_end", 0 0, L_00000154f0fecc90;  alias, 1 drivers
v00000154f105ee30_0 .net "clk", 0 0, v00000154f10612b0_0;  alias, 1 drivers
v00000154f105f010_0 .net "count", 3 0, v00000154f0fa99f0_0;  1 drivers
v00000154f105df30_0 .net "count_en", 0 0, v00000154f0fd8f10_0;  alias, 1 drivers
v00000154f105e390_0 .net "count_load", 0 0, v00000154f0fd7390_0;  alias, 1 drivers
v00000154f105d8f0_0 .net "cur_det", 15 0, v00000154f1053830_0;  1 drivers
v00000154f105ea70_0 .net "d", 7 0, L_00000154f0fec7c0;  1 drivers
v00000154f105e750_0 .net "data_in", 7 0, L_00000154f0fec2f0;  alias, 1 drivers
v00000154f105d490_0 .net "dec_en1", 0 0, v00000154f0fd7b10_0;  alias, 1 drivers
v00000154f105d670_0 .net "dec_en2", 0 0, v00000154f0fd79d0_0;  alias, 1 drivers
v00000154f105d170_0 .net "demux1_out1", 15 0, v00000154f1042c10_0;  1 drivers
v00000154f105dcb0_0 .net "demux1_out2", 15 0, v00000154f1042170_0;  1 drivers
v00000154f105d2b0_0 .net "demux1_out3", 15 0, v00000154f1042f30_0;  1 drivers
v00000154f105d5d0_0 .net "demux2_out1", 23 0, v00000154f10420d0_0;  1 drivers
v00000154f105d710_0 .net "demux2_out2", 23 0, v00000154f10439d0_0;  1 drivers
v00000154f105e070_0 .net "demux2_out3", 23 0, v00000154f1043250_0;  1 drivers
v00000154f105d7b0_0 .net "det_data_in", 7 0, v00000154f1054d70_0;  1 drivers
v00000154f105e2f0_0 .net "det_done", 0 0, v00000154f10471a0_0;  alias, 1 drivers
v00000154f105d850_0 .net "det_final_output", 15 0, L_00000154f1061df0;  1 drivers
v00000154f105dfd0_0 .net "det_rst", 0 0, v00000154f0fd8d30_0;  alias, 1 drivers
v00000154f105e430_0 .net "det_start", 0 0, v00000154f0fd7c50_0;  alias, 1 drivers
v00000154f105e110 .array "dets", 2 0;
v00000154f105e110_0 .net v00000154f105e110 0, 15 0, v00000154f1053f10_0; 1 drivers
v00000154f105e110_1 .net v00000154f105e110 1, 15 0, v00000154f1054190_0; 1 drivers
v00000154f105e110_2 .net v00000154f105e110 2, 15 0, v00000154f1054410_0; 1 drivers
v00000154f105e4d0_0 .net "e", 7 0, L_00000154f0fec210;  1 drivers
v00000154f105e570_0 .net "f", 7 0, L_00000154f0fec4b0;  1 drivers
v00000154f105e6b0_0 .net "final_output", 24 0, L_00000154f10ac3d0;  alias, 1 drivers
v00000154f105e7f0_0 .net "g", 7 0, L_00000154f0fecbb0;  1 drivers
v00000154f105e930_0 .net "h", 7 0, L_00000154f0fec520;  1 drivers
v00000154f105fc30_0 .net "i", 7 0, L_00000154f0fec600;  1 drivers
v00000154f10608b0_0 .net "load_end", 0 0, L_00000154f0fec9f0;  alias, 1 drivers
v00000154f10601d0_0 .net "mul_end", 0 0, L_00000154f0fec830;  alias, 1 drivers
v00000154f10615d0_0 .net "mutliplicant", 7 0, v00000154f1054370_0;  1 drivers
v00000154f10603b0_0 .net "next", 3 0, v00000154f0fbbed0_0;  1 drivers
v00000154f105f910_0 .net "p", 3 0, L_00000154f1062390;  1 drivers
v00000154f10610d0_0 .net "reg_ens1", 8 0, v00000154f0fa9950_0;  1 drivers
v00000154f1060630_0 .net "reg_ens2", 3 0, v00000154f10437f0_0;  1 drivers
v00000154f105ff50_0 .net "reg_ens3", 3 0, v00000154f1043f70_0;  1 drivers
v00000154f10613f0_0 .net "reset_all", 0 0, v00000154f0fd7ed0_0;  alias, 1 drivers
v00000154f1060450_0 .net "s1", 23 0, L_00000154f0fec8a0;  1 drivers
v00000154f105fd70_0 .net "s2", 23 0, L_00000154f0feca60;  1 drivers
v00000154f105fa50_0 .net "s3", 23 0, L_00000154f0fed0f0;  1 drivers
v00000154f10606d0_0 .net "start_address", 3 0, v00000154f1060e50_0;  alias, 1 drivers
v00000154f1061490_0 .net "sub_det", 23 0, L_00000154f10ac0b0;  1 drivers
v00000154f105f7d0 .array "sub_dets", 2 0;
v00000154f105f7d0_0 .net v00000154f105f7d0 0, 23 0, v00000154f1054cd0_0; 1 drivers
v00000154f105f7d0_1 .net v00000154f105f7d0 1, 23 0, v00000154f10533d0_0; 1 drivers
v00000154f105f7d0_2 .net v00000154f105f7d0 2, 23 0, v00000154f10549b0_0; 1 drivers
v00000154f1060590_0 .net "subtracted", 23 0, L_00000154f10acb50;  1 drivers
L_00000154f1060ef0 .part v00000154f0fa9950_0, 0, 1;
L_00000154f105f5f0 .part v00000154f0fa9950_0, 1, 1;
L_00000154f105fff0 .part v00000154f0fa9950_0, 2, 1;
L_00000154f105f690 .part v00000154f0fa9950_0, 3, 1;
L_00000154f105f730 .part v00000154f0fa9950_0, 4, 1;
L_00000154f1060f90 .part v00000154f0fa9950_0, 5, 1;
L_00000154f105fe10 .part v00000154f0fa9950_0, 6, 1;
L_00000154f105f870 .part v00000154f0fa9950_0, 7, 1;
L_00000154f105faf0 .part v00000154f0fa9950_0, 8, 1;
L_00000154f105fb90 .part v00000154f0fa99f0_0, 3, 1;
L_00000154f1060130 .part v00000154f0fa99f0_0, 0, 1;
L_00000154f1062ed0 .part v00000154f0fa99f0_0, 1, 1;
L_00000154f1061ad0 .part v00000154f0fa99f0_0, 0, 1;
L_00000154f1062f70 .concat [ 1 1 0 0], L_00000154f1061ad0, L_00000154f1062ed0;
L_00000154f1062b10 .part L_00000154f1062390, 1, 1;
L_00000154f1061cb0 .part L_00000154f1062390, 0, 1;
L_00000154f1062750 .concat [ 1 1 0 0], L_00000154f1061cb0, L_00000154f1062b10;
L_00000154f1062070 .part v00000154f0fa99f0_0, 1, 1;
L_00000154f1062570 .part v00000154f0fa99f0_0, 0, 1;
L_00000154f1061990 .part v00000154f0fa99f0_0, 1, 1;
L_00000154f10622f0 .part v00000154f0fa99f0_0, 0, 1;
L_00000154f1062cf0 .concat [ 1 1 0 0], L_00000154f10622f0, L_00000154f1061990;
L_00000154f1062610 .part v00000154f0fa99f0_0, 1, 1;
L_00000154f1063010 .part v00000154f0fa99f0_0, 0, 1;
L_00000154f1061a30 .concat [ 1 1 0 0], L_00000154f1063010, L_00000154f1062610;
L_00000154f10626b0 .part v00000154f10437f0_0, 0, 1;
L_00000154f10ac8d0 .part v00000154f10437f0_0, 1, 1;
L_00000154f10ab250 .part v00000154f10437f0_0, 2, 1;
L_00000154f10ab7f0 .part v00000154f0fa99f0_0, 1, 1;
L_00000154f10ac330 .part v00000154f0fa99f0_0, 0, 1;
L_00000154f10ab6b0 .concat [ 1 1 0 0], L_00000154f10ac330, L_00000154f10ab7f0;
L_00000154f10abb10 .part v00000154f0fa99f0_0, 1, 1;
L_00000154f10abe30 .part v00000154f0fa99f0_0, 0, 1;
L_00000154f10ab2f0 .concat [ 1 1 0 0], L_00000154f10abe30, L_00000154f10abb10;
L_00000154f10acc90 .part v00000154f0fa99f0_0, 1, 1;
L_00000154f10ad050 .part v00000154f0fa99f0_0, 0, 1;
L_00000154f10aca10 .part v00000154f0fa99f0_0, 1, 1;
L_00000154f10ac970 .part v00000154f0fa99f0_0, 0, 1;
L_00000154f10ab890 .concat [ 1 1 0 0], L_00000154f10ac970, L_00000154f10aca10;
L_00000154f10ac830 .part v00000154f0fa99f0_0, 1, 1;
L_00000154f10acab0 .part v00000154f0fa99f0_0, 0, 1;
L_00000154f10ad230 .concat [ 1 1 0 0], L_00000154f10acab0, L_00000154f10ac830;
L_00000154f10abf70 .part v00000154f1043f70_0, 0, 1;
L_00000154f10ac470 .part v00000154f1043f70_0, 1, 1;
L_00000154f10ab430 .part v00000154f1043f70_0, 2, 1;
L_00000154f10acf10 .part L_00000154f10ab390, 0, 4;
S_00000154f0f13050 .scope module, "adder" "Adder_24bit" 6 119, 7 296 0, S_00000154f0f12ec0;
 .timescale -9 -9;
    .port_info 0 /INPUT 24 "a";
    .port_info 1 /INPUT 24 "b";
    .port_info 2 /OUTPUT 25 "out";
v00000154f0fd8290_0 .net/s *"_ivl_0", 24 0, L_00000154f10ab930;  1 drivers
v00000154f0fd8330_0 .net/s *"_ivl_2", 24 0, L_00000154f10ad0f0;  1 drivers
v00000154f0fd8470_0 .net/s "a", 23 0, L_00000154f10acb50;  alias, 1 drivers
v00000154f0fbc470_0 .net/s "b", 23 0, v00000154f10549b0_0;  alias, 1 drivers
v00000154f0fbc790_0 .net/s "out", 24 0, L_00000154f10ac3d0;  alias, 1 drivers
L_00000154f10ab930 .extend/s 25, L_00000154f10acb50;
L_00000154f10ad0f0 .extend/s 25, v00000154f10549b0_0;
L_00000154f10ac3d0 .arith/sum 25, L_00000154f10ab930, L_00000154f10ad0f0;
S_00000154f0f29910 .scope module, "adder2" "Adder_4bit" 6 121, 7 289 0, S_00000154f0f12ec0;
 .timescale -9 -9;
    .port_info 0 /INPUT 4 "a";
    .port_info 1 /INPUT 4 "b";
    .port_info 2 /OUTPUT 5 "out";
v00000154f0fbbcf0_0 .net *"_ivl_0", 4 0, L_00000154f10ac010;  1 drivers
L_00000154f1063340 .functor BUFT 1, C4<0>, C4<0>, C4<0>, C4<0>;
v00000154f0fbcfb0_0 .net *"_ivl_3", 0 0, L_00000154f1063340;  1 drivers
v00000154f0fbb430_0 .net *"_ivl_4", 4 0, L_00000154f10ac510;  1 drivers
L_00000154f1063388 .functor BUFT 1, C4<0>, C4<0>, C4<0>, C4<0>;
v00000154f0fbb610_0 .net *"_ivl_7", 0 0, L_00000154f1063388;  1 drivers
v00000154f0fbc830_0 .net "a", 3 0, v00000154f0fa99f0_0;  alias, 1 drivers
v00000154f0fbca10_0 .net "b", 3 0, v00000154f1060e50_0;  alias, 1 drivers
v00000154f0fbb6b0_0 .net "out", 4 0, L_00000154f10ab390;  1 drivers
L_00000154f10ac010 .concat [ 4 1 0 0], v00000154f0fa99f0_0, L_00000154f1063340;
L_00000154f10ac510 .concat [ 4 1 0 0], v00000154f1060e50_0, L_00000154f1063388;
L_00000154f10ab390 .arith/sum 5, L_00000154f10ac010, L_00000154f10ac510;
S_00000154f0f29aa0 .scope module, "addresser" "Addresser" 6 82, 6 3 0, S_00000154f0f12ec0;
 .timescale -9 -9;
    .port_info 0 /INPUT 2 "num";
    .port_info 1 /INPUT 2 "previous";
    .port_info 2 /OUTPUT 4 "next";
v00000154f0fbbed0_0 .var "next", 3 0;
v00000154f0fbbf70_0 .net "num", 1 0, L_00000154f1062f70;  1 drivers
v00000154f0fbcb50_0 .net "previous", 1 0, L_00000154f1062750;  1 drivers
E_00000154f0fc9990 .event anyedge, v00000154f0fbbf70_0, v00000154f0fbcb50_0;
S_00000154f0f20ab0 .scope module, "counter" "Counter_4bit" 6 54, 7 62 0, S_00000154f0f12ec0;
 .timescale -9 -9;
    .port_info 0 /INPUT 1 "clk";
    .port_info 1 /INPUT 1 "load";
    .port_info 2 /INPUT 1 "en";
    .port_info 3 /INPUT 4 "load_in";
    .port_info 4 /OUTPUT 4 "count";
v00000154f0fbc010_0 .net "clk", 0 0, v00000154f10612b0_0;  alias, 1 drivers
v00000154f0fa99f0_0 .var "count", 3 0;
v00000154f0fa94f0_0 .net "en", 0 0, v00000154f0fd8f10_0;  alias, 1 drivers
v00000154f0fa9ef0_0 .net "load", 0 0, v00000154f0fd7390_0;  alias, 1 drivers
L_00000154f1063190 .functor BUFT 1, C4<0000>, C4<0>, C4<0>, C4<0>;
v00000154f0fa9f90_0 .net "load_in", 3 0, L_00000154f1063190;  1 drivers
E_00000154f0fc9b50 .event posedge, v00000154f0fd8790_0;
S_00000154f0f20c40 .scope module, "decoder1" "Decoder_4to9" 6 57, 7 100 0, S_00000154f0f12ec0;
 .timescale -9 -9;
    .port_info 0 /INPUT 1 "en";
    .port_info 1 /INPUT 4 "in";
    .port_info 2 /OUTPUT 9 "out";
v00000154f0fa9810_0 .net "en", 0 0, v00000154f0fd7b10_0;  alias, 1 drivers
v00000154f0fa98b0_0 .net "in", 3 0, v00000154f0fa99f0_0;  alias, 1 drivers
v00000154f0fa9950_0 .var "out", 8 0;
E_00000154f0fcb150 .event anyedge, v00000154f0fd7b10_0, v00000154f0fbc830_0;
S_00000154f0f20fb0 .scope module, "decoder2" "Decoder_2to4" 6 91, 7 78 0, S_00000154f0f12ec0;
 .timescale -9 -9;
    .port_info 0 /INPUT 1 "en";
    .port_info 1 /INPUT 2 "in";
    .port_info 2 /OUTPUT 4 "out";
v00000154f0fa9a90_0 .net "en", 0 0, v00000154f10471a0_0;  alias, 1 drivers
v00000154f1043110_0 .net "in", 1 0, L_00000154f1061a30;  1 drivers
v00000154f10437f0_0 .var "out", 3 0;
E_00000154f0fcad50 .event anyedge, v00000154f0fd7570_0, v00000154f1043110_0;
S_00000154f0f21140 .scope module, "decoder3" "Decoder_2to4" 6 108, 7 78 0, S_00000154f0f12ec0;
 .timescale -9 -9;
    .port_info 0 /INPUT 1 "en";
    .port_info 1 /INPUT 2 "in";
    .port_info 2 /OUTPUT 4 "out";
v00000154f1042530_0 .net "en", 0 0, v00000154f0fd79d0_0;  alias, 1 drivers
v00000154f1042df0_0 .net "in", 1 0, L_00000154f10ad230;  1 drivers
v00000154f1043f70_0 .var "out", 3 0;
E_00000154f0fca710 .event anyedge, v00000154f0fd79d0_0, v00000154f1042df0_0;
S_00000154f0f20580 .scope module, "demux1" "Demux_1to3_16bit" 6 89, 7 204 0, S_00000154f0f12ec0;
 .timescale -9 -9;
    .port_info 0 /INPUT 2 "select";
    .port_info 1 /INPUT 16 "in";
    .port_info 2 /OUTPUT 16 "out1";
    .port_info 3 /OUTPUT 16 "out2";
    .port_info 4 /OUTPUT 16 "out3";
v00000154f1042350_0 .net "in", 15 0, L_00000154f1061df0;  alias, 1 drivers
v00000154f1042c10_0 .var "out1", 15 0;
v00000154f1042170_0 .var "out2", 15 0;
v00000154f1042f30_0 .var "out3", 15 0;
v00000154f1043890_0 .net "select", 1 0, L_00000154f1062cf0;  1 drivers
E_00000154f0fca510 .event anyedge, v00000154f1043890_0, v00000154f1042350_0;
S_00000154f0f20710 .scope module, "demux2" "Demux_1to3_24bit" 6 106, 7 232 0, S_00000154f0f12ec0;
 .timescale -9 -9;
    .port_info 0 /INPUT 2 "select";
    .port_info 1 /INPUT 24 "in";
    .port_info 2 /OUTPUT 24 "out1";
    .port_info 3 /OUTPUT 24 "out2";
    .port_info 4 /OUTPUT 24 "out3";
v00000154f10431b0_0 .net "in", 23 0, L_00000154f10ac0b0;  alias, 1 drivers
v00000154f10420d0_0 .var "out1", 23 0;
v00000154f10439d0_0 .var "out2", 23 0;
v00000154f1043250_0 .var "out3", 23 0;
v00000154f1042670_0 .net "select", 1 0, L_00000154f10ab890;  1 drivers
E_00000154f0fcaf90 .event anyedge, v00000154f1042670_0, v00000154f10431b0_0;
S_00000154f0f35520 .scope generate, "genblk1[0]" "genblk1[0]" 6 72, 6 72 0, S_00000154f0f12ec0;
 .timescale -9 -9;
P_00000154f0fcabd0 .param/l "j" 0 6 72, +C4<00>;
S_00000154f1044bd0 .scope module, "register" "Register_8bit" 6 73, 7 1 0, S_00000154f0f35520;
 .timescale -9 -9;
    .port_info 0 /INPUT 1 "clk";
    .port_info 1 /INPUT 1 "rst";
    .port_info 2 /INPUT 1 "en";
    .port_info 3 /INPUT 8 "d";
    .port_info 4 /OUTPUT 8 "q";
v00000154f1042210_0 .net "clk", 0 0, v00000154f10612b0_0;  alias, 1 drivers
v00000154f1043430_0 .net "d", 7 0, L_00000154f0fec2f0;  alias, 1 drivers
v00000154f10432f0_0 .net "en", 0 0, L_00000154f1060ef0;  1 drivers
v00000154f10434d0_0 .var "q", 7 0;
v00000154f1043610_0 .net "rst", 0 0, v00000154f0fd7ed0_0;  alias, 1 drivers
E_00000154f0fca550 .event posedge, v00000154f0fd7ed0_0, v00000154f0fd8790_0;
S_00000154f1044a40 .scope generate, "genblk1[1]" "genblk1[1]" 6 72, 6 72 0, S_00000154f0f12ec0;
 .timescale -9 -9;
P_00000154f0fcae10 .param/l "j" 0 6 72, +C4<01>;
S_00000154f1044d60 .scope module, "register" "Register_8bit" 6 73, 7 1 0, S_00000154f1044a40;
 .timescale -9 -9;
    .port_info 0 /INPUT 1 "clk";
    .port_info 1 /INPUT 1 "rst";
    .port_info 2 /INPUT 1 "en";
    .port_info 3 /INPUT 8 "d";
    .port_info 4 /OUTPUT 8 "q";
v00000154f1042cb0_0 .net "clk", 0 0, v00000154f10612b0_0;  alias, 1 drivers
v00000154f1042850_0 .net "d", 7 0, L_00000154f0fec2f0;  alias, 1 drivers
v00000154f10422b0_0 .net "en", 0 0, L_00000154f105f5f0;  1 drivers
v00000154f1043070_0 .var "q", 7 0;
v00000154f1042d50_0 .net "rst", 0 0, v00000154f0fd7ed0_0;  alias, 1 drivers
S_00000154f1044ef0 .scope generate, "genblk1[2]" "genblk1[2]" 6 72, 6 72 0, S_00000154f0f12ec0;
 .timescale -9 -9;
P_00000154f0fca990 .param/l "j" 0 6 72, +C4<010>;
S_00000154f1044590 .scope module, "register" "Register_8bit" 6 73, 7 1 0, S_00000154f1044ef0;
 .timescale -9 -9;
    .port_info 0 /INPUT 1 "clk";
    .port_info 1 /INPUT 1 "rst";
    .port_info 2 /INPUT 1 "en";
    .port_info 3 /INPUT 8 "d";
    .port_info 4 /OUTPUT 8 "q";
v00000154f10423f0_0 .net "clk", 0 0, v00000154f10612b0_0;  alias, 1 drivers
v00000154f1042490_0 .net "d", 7 0, L_00000154f0fec2f0;  alias, 1 drivers
v00000154f1043930_0 .net "en", 0 0, L_00000154f105fff0;  1 drivers
v00000154f10425d0_0 .var "q", 7 0;
v00000154f1042a30_0 .net "rst", 0 0, v00000154f0fd7ed0_0;  alias, 1 drivers
S_00000154f10440e0 .scope generate, "genblk1[3]" "genblk1[3]" 6 72, 6 72 0, S_00000154f0f12ec0;
 .timescale -9 -9;
P_00000154f0fca590 .param/l "j" 0 6 72, +C4<011>;
S_00000154f1044270 .scope module, "register" "Register_8bit" 6 73, 7 1 0, S_00000154f10440e0;
 .timescale -9 -9;
    .port_info 0 /INPUT 1 "clk";
    .port_info 1 /INPUT 1 "rst";
    .port_info 2 /INPUT 1 "en";
    .port_info 3 /INPUT 8 "d";
    .port_info 4 /OUTPUT 8 "q";
v00000154f1042710_0 .net "clk", 0 0, v00000154f10612b0_0;  alias, 1 drivers
v00000154f1042e90_0 .net "d", 7 0, L_00000154f0fec2f0;  alias, 1 drivers
v00000154f1043570_0 .net "en", 0 0, L_00000154f105f690;  1 drivers
v00000154f10436b0_0 .var "q", 7 0;
v00000154f1043a70_0 .net "rst", 0 0, v00000154f0fd7ed0_0;  alias, 1 drivers
S_00000154f1044720 .scope generate, "genblk1[4]" "genblk1[4]" 6 72, 6 72 0, S_00000154f0f12ec0;
 .timescale -9 -9;
P_00000154f0fca2d0 .param/l "j" 0 6 72, +C4<0100>;
S_00000154f10448b0 .scope module, "register" "Register_8bit" 6 73, 7 1 0, S_00000154f1044720;
 .timescale -9 -9;
    .port_info 0 /INPUT 1 "clk";
    .port_info 1 /INPUT 1 "rst";
    .port_info 2 /INPUT 1 "en";
    .port_info 3 /INPUT 8 "d";
    .port_info 4 /OUTPUT 8 "q";
v00000154f1043750_0 .net "clk", 0 0, v00000154f10612b0_0;  alias, 1 drivers
v00000154f1043b10_0 .net "d", 7 0, L_00000154f0fec2f0;  alias, 1 drivers
v00000154f10427b0_0 .net "en", 0 0, L_00000154f105f730;  1 drivers
v00000154f1042fd0_0 .var "q", 7 0;
v00000154f1043390_0 .net "rst", 0 0, v00000154f0fd7ed0_0;  alias, 1 drivers
S_00000154f1044400 .scope generate, "genblk1[5]" "genblk1[5]" 6 72, 6 72 0, S_00000154f0f12ec0;
 .timescale -9 -9;
P_00000154f0fcaa90 .param/l "j" 0 6 72, +C4<0101>;
S_00000154f1046090 .scope module, "register" "Register_8bit" 6 73, 7 1 0, S_00000154f1044400;
 .timescale -9 -9;
    .port_info 0 /INPUT 1 "clk";
    .port_info 1 /INPUT 1 "rst";
    .port_info 2 /INPUT 1 "en";
    .port_info 3 /INPUT 8 "d";
    .port_info 4 /OUTPUT 8 "q";
v00000154f10428f0_0 .net "clk", 0 0, v00000154f10612b0_0;  alias, 1 drivers
v00000154f1043bb0_0 .net "d", 7 0, L_00000154f0fec2f0;  alias, 1 drivers
v00000154f1043c50_0 .net "en", 0 0, L_00000154f1060f90;  1 drivers
v00000154f1043cf0_0 .var "q", 7 0;
v00000154f1042990_0 .net "rst", 0 0, v00000154f0fd7ed0_0;  alias, 1 drivers
S_00000154f10458c0 .scope generate, "genblk1[6]" "genblk1[6]" 6 72, 6 72 0, S_00000154f0f12ec0;
 .timescale -9 -9;
P_00000154f0fcae90 .param/l "j" 0 6 72, +C4<0110>;
S_00000154f10469f0 .scope module, "register" "Register_8bit" 6 73, 7 1 0, S_00000154f10458c0;
 .timescale -9 -9;
    .port_info 0 /INPUT 1 "clk";
    .port_info 1 /INPUT 1 "rst";
    .port_info 2 /INPUT 1 "en";
    .port_info 3 /INPUT 8 "d";
    .port_info 4 /OUTPUT 8 "q";
v00000154f1042ad0_0 .net "clk", 0 0, v00000154f10612b0_0;  alias, 1 drivers
v00000154f1043d90_0 .net "d", 7 0, L_00000154f0fec2f0;  alias, 1 drivers
v00000154f1043e30_0 .net "en", 0 0, L_00000154f105fe10;  1 drivers
v00000154f1043ed0_0 .var "q", 7 0;
v00000154f1042b70_0 .net "rst", 0 0, v00000154f0fd7ed0_0;  alias, 1 drivers
S_00000154f1046b80 .scope generate, "genblk1[7]" "genblk1[7]" 6 72, 6 72 0, S_00000154f0f12ec0;
 .timescale -9 -9;
P_00000154f0fca290 .param/l "j" 0 6 72, +C4<0111>;
S_00000154f10466d0 .scope module, "register" "Register_8bit" 6 73, 7 1 0, S_00000154f1046b80;
 .timescale -9 -9;
    .port_info 0 /INPUT 1 "clk";
    .port_info 1 /INPUT 1 "rst";
    .port_info 2 /INPUT 1 "en";
    .port_info 3 /INPUT 8 "d";
    .port_info 4 /OUTPUT 8 "q";
v00000154f1048460_0 .net "clk", 0 0, v00000154f10612b0_0;  alias, 1 drivers
v00000154f10474c0_0 .net "d", 7 0, L_00000154f0fec2f0;  alias, 1 drivers
v00000154f1048e60_0 .net "en", 0 0, L_00000154f105f870;  1 drivers
v00000154f1047d80_0 .var "q", 7 0;
v00000154f1047920_0 .net "rst", 0 0, v00000154f0fd7ed0_0;  alias, 1 drivers
S_00000154f1046860 .scope generate, "genblk1[8]" "genblk1[8]" 6 72, 6 72 0, S_00000154f0f12ec0;
 .timescale -9 -9;
P_00000154f0fcac50 .param/l "j" 0 6 72, +C4<01000>;
S_00000154f1045be0 .scope module, "register" "Register_8bit" 6 73, 7 1 0, S_00000154f1046860;
 .timescale -9 -9;
    .port_info 0 /INPUT 1 "clk";
    .port_info 1 /INPUT 1 "rst";
    .port_info 2 /INPUT 1 "en";
    .port_info 3 /INPUT 8 "d";
    .port_info 4 /OUTPUT 8 "q";
v00000154f1047100_0 .net "clk", 0 0, v00000154f10612b0_0;  alias, 1 drivers
v00000154f1048a00_0 .net "d", 7 0, L_00000154f0fec2f0;  alias, 1 drivers
v00000154f10488c0_0 .net "en", 0 0, L_00000154f105faf0;  1 drivers
v00000154f10479c0_0 .var "q", 7 0;
v00000154f1048aa0_0 .net "rst", 0 0, v00000154f0fd7ed0_0;  alias, 1 drivers
S_00000154f1046540 .scope module, "main" "DeterminantCalculator_2in2" 6 85, 8 4 0, S_00000154f0f12ec0;
 .timescale -9 -9;
    .port_info 0 /INPUT 1 "clk";
    .port_info 1 /INPUT 4 "start_address";
    .port_info 2 /INPUT 8 "data_in";
    .port_info 3 /OUTPUT 4 "address_to_memory";
    .port_info 4 /INPUT 1 "start";
    .port_info 5 /OUTPUT 1 "done";
    .port_info 6 /INPUT 1 "rst";
    .port_info 7 /OUTPUT 16 "final_output";
v00000154f104d9f0_0 .net "address_to_memory", 3 0, L_00000154f1062390;  alias, 1 drivers
v00000154f104db30_0 .net "clk", 0 0, v00000154f10612b0_0;  alias, 1 drivers
v00000154f104d1d0_0 .net "data_in", 7 0, v00000154f1054d70_0;  alias, 1 drivers
v00000154f104d310_0 .net "dec_en", 0 0, v00000154f1048780_0;  1 drivers
v00000154f104eb70_0 .net "done", 0 0, v00000154f10471a0_0;  alias, 1 drivers
v00000154f104d130_0 .net "en_1", 0 0, v00000154f1048820_0;  1 drivers
v00000154f104da90_0 .net "en_2", 0 0, v00000154f10477e0_0;  1 drivers
v00000154f104dbd0_0 .net "final_output", 15 0, L_00000154f1061df0;  alias, 1 drivers
v00000154f104e0d0_0 .net "load_end", 0 0, L_00000154f1062110;  1 drivers
v00000154f104dc70_0 .net "mul_end", 0 0, L_00000154f0fec6e0;  1 drivers
v00000154f104e170_0 .net "mul_select", 0 0, v00000154f1047ce0_0;  1 drivers
v00000154f104e210_0 .net "reset_all", 0 0, v00000154f1048c80_0;  1 drivers
v00000154f104ec10_0 .net "rst", 0 0, v00000154f0fd8d30_0;  alias, 1 drivers
v00000154f104e530_0 .net "start", 0 0, v00000154f0fd7c50_0;  alias, 1 drivers
L_00000154f10632f8 .functor BUFT 1, C4<0000>, C4<0>, C4<0>, C4<0>;
v00000154f104dd10_0 .net "start_address", 3 0, L_00000154f10632f8;  1 drivers
S_00000154f1045730 .scope module, "controller" "A_Controller" 8 17, 9 1 0, S_00000154f1046540;
 .timescale -9 -9;
    .port_info 0 /INPUT 1 "clk";
    .port_info 1 /INPUT 1 "rst";
    .port_info 2 /INPUT 1 "start";
    .port_info 3 /OUTPUT 1 "reset_all";
    .port_info 4 /OUTPUT 1 "dec_en";
    .port_info 5 /OUTPUT 1 "mul_select";
    .port_info 6 /INPUT 1 "mul_end";
    .port_info 7 /INPUT 1 "load_end";
    .port_info 8 /OUTPUT 1 "en_1";
    .port_info 9 /OUTPUT 1 "en_2";
    .port_info 10 /OUTPUT 1 "done";
P_00000154f0ff32f0 .param/l "IDLE" 0 9 7, +C4<00000000000000000000000000000000>;
P_00000154f0ff3328 .param/l "LOAD" 0 9 7, +C4<00000000000000000000000000000001>;
P_00000154f0ff3360 .param/l "MULTIPLICATION" 0 9 7, +C4<00000000000000000000000000000010>;
P_00000154f0ff3398 .param/l "SUBTRACTION" 0 9 7, +C4<00000000000000000000000000000011>;
v00000154f1048be0_0 .var "Y", 1 0;
v00000154f1048dc0_0 .net "clk", 0 0, v00000154f10612b0_0;  alias, 1 drivers
v00000154f1048780_0 .var "dec_en", 0 0;
v00000154f10471a0_0 .var "done", 0 0;
v00000154f1048820_0 .var "en_1", 0 0;
v00000154f10477e0_0 .var "en_2", 0 0;
v00000154f1048280_0 .net "load_end", 0 0, L_00000154f1062110;  alias, 1 drivers
v00000154f1047a60_0 .net "mul_end", 0 0, L_00000154f0fec6e0;  alias, 1 drivers
v00000154f1047ce0_0 .var "mul_select", 0 0;
v00000154f1048c80_0 .var "reset_all", 0 0;
v00000154f1048960_0 .net "rst", 0 0, v00000154f0fd8d30_0;  alias, 1 drivers
v00000154f1048b40_0 .net "start", 0 0, v00000154f0fd7c50_0;  alias, 1 drivers
v00000154f1047240_0 .var "y", 1 0;
E_00000154f0fca390/0 .event anyedge, v00000154f1047240_0, v00000154f0fd7c50_0, v00000154f0fd8d30_0, v00000154f1048280_0;
E_00000154f0fca390/1 .event anyedge, v00000154f1047a60_0;
E_00000154f0fca390 .event/or E_00000154f0fca390/0, E_00000154f0fca390/1;
E_00000154f0fca5d0/0 .event negedge, v00000154f0fd8d30_0;
E_00000154f0fca5d0/1 .event posedge, v00000154f0fd8790_0;
E_00000154f0fca5d0 .event/or E_00000154f0fca5d0/0, E_00000154f0fca5d0/1;
S_00000154f1046220 .scope module, "datapath" "A_Datapath" 8 15, 10 3 0, S_00000154f1046540;
 .timescale -9 -9;
    .port_info 0 /INPUT 1 "clk";
    .port_info 1 /INPUT 4 "start_address";
    .port_info 2 /INPUT 8 "data_in";
    .port_info 3 /OUTPUT 4 "address_to_memory";
    .port_info 4 /INPUT 1 "reset_all";
    .port_info 5 /INPUT 1 "dec_en";
    .port_info 6 /INPUT 1 "mul_select";
    .port_info 7 /OUTPUT 1 "mul_end";
    .port_info 8 /OUTPUT 1 "load_end";
    .port_info 9 /INPUT 1 "en_1";
    .port_info 10 /INPUT 1 "en_2";
    .port_info 11 /OUTPUT 16 "final_output";
L_00000154f0fecec0 .functor NOT 1, v00000154f1048c80_0, C4<0>, C4<0>, C4<0>;
L_00000154f0fecc20 .functor BUFZ 8, v00000154f1048320_0, C4<00000000>, C4<00000000>, C4<00000000>;
L_00000154f0fec670 .functor BUFZ 8, v00000154f1048640_0, C4<00000000>, C4<00000000>, C4<00000000>;
L_00000154f0fecf30 .functor BUFZ 8, v00000154f1049430_0, C4<00000000>, C4<00000000>, C4<00000000>;
L_00000154f0fecad0 .functor BUFZ 8, v00000154f1049110_0, C4<00000000>, C4<00000000>, C4<00000000>;
L_00000154f0fec6e0 .functor AND 1, L_00000154f1061d50, L_00000154f10624d0, C4<1>, C4<1>;
v00000154f10499d0_0 .net *"_ivl_10", 0 0, L_00000154f10629d0;  1 drivers
v00000154f104ab50_0 .net *"_ivl_33", 0 0, L_00000154f1061d50;  1 drivers
v00000154f1049a70_0 .net *"_ivl_35", 0 0, L_00000154f10624d0;  1 drivers
L_00000154f1063268 .functor BUFT 1, C4<0>, C4<0>, C4<0>, C4<0>;
v00000154f1049bb0_0 .net/2u *"_ivl_36", 0 0, L_00000154f1063268;  1 drivers
L_00000154f10632b0 .functor BUFT 1, C4<0>, C4<0>, C4<0>, C4<0>;
v00000154f1049c50_0 .net/2u *"_ivl_38", 0 0, L_00000154f10632b0;  1 drivers
v00000154f1049f70_0 .net *"_ivl_41", 0 0, L_00000154f1061e90;  1 drivers
v00000154f104a0b0_0 .net *"_ivl_43", 0 0, L_00000154f1062250;  1 drivers
v00000154f104a150_0 .net *"_ivl_8", 0 0, L_00000154f1062c50;  1 drivers
v00000154f104a1f0_0 .net "a", 7 0, L_00000154f0fecc20;  1 drivers
v00000154f104a290 .array "abcd", 3 0;
v00000154f104a290_0 .net v00000154f104a290 0, 7 0, v00000154f1048320_0; 1 drivers
v00000154f104a290_1 .net v00000154f104a290 1, 7 0, v00000154f1048640_0; 1 drivers
v00000154f104a290_2 .net v00000154f104a290 2, 7 0, v00000154f1049430_0; 1 drivers
v00000154f104a290_3 .net v00000154f104a290 3, 7 0, v00000154f1049110_0; 1 drivers
v00000154f104a330_0 .net "ad", 15 0, v00000154f10497f0_0;  1 drivers
v00000154f104a470_0 .net "ad_or_bc", 15 0, L_00000154f1061b70;  1 drivers
v00000154f104a510_0 .net "address_to_memory", 3 0, L_00000154f1062390;  alias, 1 drivers
v00000154f104ee90_0 .net "b", 7 0, L_00000154f0fec670;  1 drivers
v00000154f104d450_0 .net "bc", 15 0, v00000154f1049b10_0;  1 drivers
v00000154f104ef30_0 .net "c", 7 0, L_00000154f0fecf30;  1 drivers
v00000154f104d8b0_0 .net "clk", 0 0, v00000154f10612b0_0;  alias, 1 drivers
v00000154f104df90_0 .net "count", 2 0, v00000154f1047b00_0;  1 drivers
v00000154f104d950_0 .net "d", 7 0, L_00000154f0fecad0;  1 drivers
v00000154f104de50_0 .net "data_in", 7 0, v00000154f1054d70_0;  alias, 1 drivers
v00000154f104e3f0_0 .net "dec_en", 0 0, v00000154f1048780_0;  alias, 1 drivers
v00000154f104d6d0_0 .net "demux_out1", 15 0, v00000154f1047560_0;  1 drivers
v00000154f104efd0_0 .net "demux_out2", 15 0, v00000154f1047c40_0;  1 drivers
v00000154f104e2b0_0 .net "en_1", 0 0, v00000154f1048820_0;  alias, 1 drivers
v00000154f104d4f0_0 .net "en_2", 0 0, v00000154f10477e0_0;  alias, 1 drivers
v00000154f104e030_0 .net "final_output", 15 0, L_00000154f1061df0;  alias, 1 drivers
v00000154f104e990_0 .net "in1", 7 0, L_00000154f1062bb0;  1 drivers
v00000154f104e850_0 .net "in2", 7 0, L_00000154f10621b0;  1 drivers
v00000154f104d770_0 .net "load_end", 0 0, L_00000154f1062110;  alias, 1 drivers
v00000154f104d590_0 .net "mul_end", 0 0, L_00000154f0fec6e0;  alias, 1 drivers
v00000154f104ead0_0 .net "mul_select", 0 0, v00000154f1047ce0_0;  alias, 1 drivers
v00000154f104ed50_0 .net "reg_ens", 3 0, v00000154f1048500_0;  1 drivers
v00000154f104d630_0 .net "reset_all", 0 0, v00000154f1048c80_0;  alias, 1 drivers
v00000154f104e490_0 .net "reset_all_bar", 0 0, L_00000154f0fecec0;  1 drivers
v00000154f104d810_0 .net "start_address", 3 0, L_00000154f10632f8;  alias, 1 drivers
L_00000154f1062890 .part v00000154f1048500_0, 0, 1;
L_00000154f1061c10 .part v00000154f1048500_0, 1, 1;
L_00000154f1062430 .part v00000154f1048500_0, 2, 1;
L_00000154f1062e30 .part v00000154f1048500_0, 3, 1;
L_00000154f1062c50 .part v00000154f1047b00_0, 1, 1;
L_00000154f10629d0 .part v00000154f1047b00_0, 0, 1;
L_00000154f10627f0 .concat [ 1 1 0 0], L_00000154f10629d0, L_00000154f1062c50;
L_00000154f1062110 .part v00000154f1047b00_0, 2, 1;
L_00000154f1061d50 .part v00000154f1047b00_0, 2, 1;
L_00000154f10624d0 .part v00000154f1047b00_0, 1, 1;
L_00000154f1061e90 .part v00000154f1047b00_0, 1, 1;
L_00000154f1062250 .part v00000154f1047b00_0, 0, 1;
L_00000154f1061fd0 .concat [ 1 1 1 1], L_00000154f1062250, L_00000154f1061e90, L_00000154f10632b0, L_00000154f1063268;
L_00000154f1062390 .part L_00000154f1062d90, 0, 4;
S_00000154f1045280 .scope module, "adder" "Adder_4bit" 10 53, 7 289 0, S_00000154f1046220;
 .timescale -9 -9;
    .port_info 0 /INPUT 4 "a";
    .port_info 1 /INPUT 4 "b";
    .port_info 2 /OUTPUT 5 "out";
v00000154f1047e20_0 .net *"_ivl_0", 4 0, L_00000154f1062a70;  1 drivers
L_00000154f1063220 .functor BUFT 1, C4<0>, C4<0>, C4<0>, C4<0>;
v00000154f10472e0_0 .net *"_ivl_3", 0 0, L_00000154f1063220;  1 drivers
L_00000154f10633d0 .functor BUFT 1, C4<00000>, C4<0>, C4<0>, C4<0>;
v00000154f1047380_0 .net *"_ivl_4", 4 0, L_00000154f10633d0;  1 drivers
v00000154f1048140_0 .net "a", 3 0, L_00000154f1061fd0;  1 drivers
v00000154f1047600_0 .net "b", 3 0, L_00000154f10632f8;  alias, 1 drivers
v00000154f1048d20_0 .net "out", 4 0, L_00000154f1062d90;  1 drivers
L_00000154f1062a70 .concat [ 4 1 0 0], L_00000154f1061fd0, L_00000154f1063220;
L_00000154f1062d90 .arith/sum 5, L_00000154f1062a70, L_00000154f10633d0;
S_00000154f10450f0 .scope module, "counter" "Counter_3bit" 10 18, 7 46 0, S_00000154f1046220;
 .timescale -9 -9;
    .port_info 0 /INPUT 1 "clk";
    .port_info 1 /INPUT 1 "load";
    .port_info 2 /INPUT 1 "en";
    .port_info 3 /INPUT 3 "load_in";
    .port_info 4 /OUTPUT 3 "count";
v00000154f10481e0_0 .net "clk", 0 0, v00000154f10612b0_0;  alias, 1 drivers
v00000154f1047b00_0 .var "count", 2 0;
v00000154f1047ba0_0 .net "en", 0 0, L_00000154f0fecec0;  alias, 1 drivers
v00000154f1048f00_0 .net "load", 0 0, v00000154f1048c80_0;  alias, 1 drivers
L_00000154f10631d8 .functor BUFT 1, C4<000>, C4<0>, C4<0>, C4<0>;
v00000154f1047ec0_0 .net "load_in", 2 0, L_00000154f10631d8;  1 drivers
S_00000154f1045410 .scope module, "decoder" "Decoder_2to4" 10 21, 7 78 0, S_00000154f1046220;
 .timescale -9 -9;
    .port_info 0 /INPUT 1 "en";
    .port_info 1 /INPUT 2 "in";
    .port_info 2 /OUTPUT 4 "out";
v00000154f1048fa0_0 .net "en", 0 0, v00000154f1048780_0;  alias, 1 drivers
v00000154f1047420_0 .net "in", 1 0, L_00000154f10627f0;  1 drivers
v00000154f1048500_0 .var "out", 3 0;
E_00000154f0fccf50 .event anyedge, v00000154f1048780_0, v00000154f1047420_0;
S_00000154f1046d10 .scope module, "dumux" "Demux_1to2" 10 45, 7 186 0, S_00000154f1046220;
 .timescale -9 -9;
    .port_info 0 /INPUT 1 "select";
    .port_info 1 /INPUT 16 "in";
    .port_info 2 /OUTPUT 16 "out1";
    .port_info 3 /OUTPUT 16 "out2";
v00000154f10486e0_0 .net "in", 15 0, L_00000154f1061b70;  alias, 1 drivers
v00000154f1047560_0 .var "out1", 15 0;
v00000154f1047c40_0 .var "out2", 15 0;
v00000154f1047f60_0 .net "select", 0 0, v00000154f1047ce0_0;  alias, 1 drivers
E_00000154f0fcc8d0 .event anyedge, v00000154f1047ce0_0, v00000154f10486e0_0;
S_00000154f1046ea0 .scope generate, "genblk1[0]" "genblk1[0]" 10 30, 10 30 0, S_00000154f1046220;
 .timescale -9 -9;
P_00000154f0fcc910 .param/l "i" 0 10 30, +C4<00>;
S_00000154f10455a0 .scope module, "register" "Register_8bit" 10 31, 7 1 0, S_00000154f1046ea0;
 .timescale -9 -9;
    .port_info 0 /INPUT 1 "clk";
    .port_info 1 /INPUT 1 "rst";
    .port_info 2 /INPUT 1 "en";
    .port_info 3 /INPUT 8 "d";
    .port_info 4 /OUTPUT 8 "q";
v00000154f1048000_0 .net "clk", 0 0, v00000154f10612b0_0;  alias, 1 drivers
v00000154f10476a0_0 .net "d", 7 0, v00000154f1054d70_0;  alias, 1 drivers
v00000154f1047740_0 .net "en", 0 0, L_00000154f1062890;  1 drivers
v00000154f1048320_0 .var "q", 7 0;
v00000154f1047880_0 .net "rst", 0 0, v00000154f1048c80_0;  alias, 1 drivers
E_00000154f0fcc490 .event posedge, v00000154f1048c80_0, v00000154f0fd8790_0;
S_00000154f1045a50 .scope generate, "genblk1[1]" "genblk1[1]" 10 30, 10 30 0, S_00000154f1046220;
 .timescale -9 -9;
P_00000154f0fcc3d0 .param/l "i" 0 10 30, +C4<01>;
S_00000154f1045f00 .scope module, "register" "Register_8bit" 10 31, 7 1 0, S_00000154f1045a50;
 .timescale -9 -9;
    .port_info 0 /INPUT 1 "clk";
    .port_info 1 /INPUT 1 "rst";
    .port_info 2 /INPUT 1 "en";
    .port_info 3 /INPUT 8 "d";
    .port_info 4 /OUTPUT 8 "q";
v00000154f10480a0_0 .net "clk", 0 0, v00000154f10612b0_0;  alias, 1 drivers
v00000154f10483c0_0 .net "d", 7 0, v00000154f1054d70_0;  alias, 1 drivers
v00000154f10485a0_0 .net "en", 0 0, L_00000154f1061c10;  1 drivers
v00000154f1048640_0 .var "q", 7 0;
v00000154f10496b0_0 .net "rst", 0 0, v00000154f1048c80_0;  alias, 1 drivers
S_00000154f10463b0 .scope generate, "genblk1[2]" "genblk1[2]" 10 30, 10 30 0, S_00000154f1046220;
 .timescale -9 -9;
P_00000154f0fcc450 .param/l "i" 0 10 30, +C4<010>;
S_00000154f1045d70 .scope module, "register" "Register_8bit" 10 31, 7 1 0, S_00000154f10463b0;
 .timescale -9 -9;
    .port_info 0 /INPUT 1 "clk";
    .port_info 1 /INPUT 1 "rst";
    .port_info 2 /INPUT 1 "en";
    .port_info 3 /INPUT 8 "d";
    .port_info 4 /OUTPUT 8 "q";
v00000154f1049750_0 .net "clk", 0 0, v00000154f10612b0_0;  alias, 1 drivers
v00000154f1049570_0 .net "d", 7 0, v00000154f1054d70_0;  alias, 1 drivers
v00000154f104ad30_0 .net "en", 0 0, L_00000154f1062430;  1 drivers
v00000154f1049430_0 .var "q", 7 0;
v00000154f104a6f0_0 .net "rst", 0 0, v00000154f1048c80_0;  alias, 1 drivers
S_00000154f104b2b0 .scope generate, "genblk1[3]" "genblk1[3]" 10 30, 10 30 0, S_00000154f1046220;
 .timescale -9 -9;
P_00000154f0fcc9d0 .param/l "i" 0 10 30, +C4<011>;
S_00000154f104b8f0 .scope module, "register" "Register_8bit" 10 31, 7 1 0, S_00000154f104b2b0;
 .timescale -9 -9;
    .port_info 0 /INPUT 1 "clk";
    .port_info 1 /INPUT 1 "rst";
    .port_info 2 /INPUT 1 "en";
    .port_info 3 /INPUT 8 "d";
    .port_info 4 /OUTPUT 8 "q";
v00000154f104a3d0_0 .net "clk", 0 0, v00000154f10612b0_0;  alias, 1 drivers
v00000154f104a8d0_0 .net "d", 7 0, v00000154f1054d70_0;  alias, 1 drivers
v00000154f104a790_0 .net "en", 0 0, L_00000154f1062e30;  1 drivers
v00000154f1049110_0 .var "q", 7 0;
v00000154f1049d90_0 .net "rst", 0 0, v00000154f1048c80_0;  alias, 1 drivers
S_00000154f104cbb0 .scope module, "multiplier" "Multiplier_8bit" 10 41, 7 260 0, S_00000154f1046220;
 .timescale -9 -9;
    .port_info 0 /INPUT 8 "a";
    .port_info 1 /INPUT 8 "b";
    .port_info 2 /OUTPUT 16 "out";
v00000154f104add0_0 .net/s *"_ivl_0", 15 0, L_00000154f1061f30;  1 drivers
v00000154f104aa10_0 .net/s *"_ivl_2", 15 0, L_00000154f1062930;  1 drivers
v00000154f10491b0_0 .net/s "a", 7 0, L_00000154f1062bb0;  alias, 1 drivers
v00000154f1049cf0_0 .net/s "b", 7 0, L_00000154f10621b0;  alias, 1 drivers
v00000154f10494d0_0 .net/s "out", 15 0, L_00000154f1061b70;  alias, 1 drivers
L_00000154f1061f30 .extend/s 16, L_00000154f1062bb0;
L_00000154f1062930 .extend/s 16, L_00000154f10621b0;
L_00000154f1061b70 .arith/mult 16, L_00000154f1061f30, L_00000154f1062930;
S_00000154f104c890 .scope module, "mux1" "Mux_2to1" 10 37, 7 127 0, S_00000154f1046220;
 .timescale -9 -9;
    .port_info 0 /INPUT 1 "select";
    .port_info 1 /INPUT 8 "in1";
    .port_info 2 /INPUT 8 "in2";
    .port_info 3 /OUTPUT 8 "out";
v00000154f104a970_0 .net "in1", 7 0, v00000154f1048320_0;  alias, 1 drivers
v00000154f104ac90_0 .net "in2", 7 0, v00000154f1048640_0;  alias, 1 drivers
v00000154f104aab0_0 .net "out", 7 0, L_00000154f1062bb0;  alias, 1 drivers
v00000154f1049390_0 .net "select", 0 0, v00000154f1047ce0_0;  alias, 1 drivers
L_00000154f1062bb0 .functor MUXZ 8, v00000154f1048320_0, v00000154f1048640_0, v00000154f1047ce0_0, C4<>;
S_00000154f104ced0 .scope module, "mux2" "Mux_2to1" 10 38, 7 127 0, S_00000154f1046220;
 .timescale -9 -9;
    .port_info 0 /INPUT 1 "select";
    .port_info 1 /INPUT 8 "in1";
    .port_info 2 /INPUT 8 "in2";
    .port_info 3 /OUTPUT 8 "out";
v00000154f104ae70_0 .net "in1", 7 0, v00000154f1049110_0;  alias, 1 drivers
v00000154f104abf0_0 .net "in2", 7 0, v00000154f1049430_0;  alias, 1 drivers
v00000154f1049e30_0 .net "out", 7 0, L_00000154f10621b0;  alias, 1 drivers
v00000154f1049ed0_0 .net "select", 0 0, v00000154f1047ce0_0;  alias, 1 drivers
L_00000154f10621b0 .functor MUXZ 8, v00000154f1049110_0, v00000154f1049430_0, v00000154f1047ce0_0, C4<>;
S_00000154f104b440 .scope module, "reg1" "Register_16bit" 10 48, 7 16 0, S_00000154f1046220;
 .timescale -9 -9;
    .port_info 0 /INPUT 1 "clk";
    .port_info 1 /INPUT 1 "rst";
    .port_info 2 /INPUT 1 "en";
    .port_info 3 /INPUT 16 "d";
    .port_info 4 /OUTPUT 16 "q";
v00000154f104af10_0 .net "clk", 0 0, v00000154f10612b0_0;  alias, 1 drivers
v00000154f104a010_0 .net "d", 15 0, v00000154f1047560_0;  alias, 1 drivers
v00000154f104a830_0 .net "en", 0 0, v00000154f1048820_0;  alias, 1 drivers
v00000154f10497f0_0 .var "q", 15 0;
v00000154f104a650_0 .net "rst", 0 0, v00000154f1048c80_0;  alias, 1 drivers
S_00000154f104c700 .scope module, "reg2" "Register_16bit" 10 49, 7 16 0, S_00000154f1046220;
 .timescale -9 -9;
    .port_info 0 /INPUT 1 "clk";
    .port_info 1 /INPUT 1 "rst";
    .port_info 2 /INPUT 1 "en";
    .port_info 3 /INPUT 16 "d";
    .port_info 4 /OUTPUT 16 "q";
v00000154f1049250_0 .net "clk", 0 0, v00000154f10612b0_0;  alias, 1 drivers
v00000154f104afb0_0 .net "d", 15 0, v00000154f1047c40_0;  alias, 1 drivers
v00000154f10492f0_0 .net "en", 0 0, v00000154f10477e0_0;  alias, 1 drivers
v00000154f1049b10_0 .var "q", 15 0;
v00000154f1049610_0 .net "rst", 0 0, v00000154f1048c80_0;  alias, 1 drivers
S_00000154f104cd40 .scope module, "subtractor" "Subtractor_16bit" 10 51, 7 275 0, S_00000154f1046220;
 .timescale -9 -9;
    .port_info 0 /INPUT 16 "a";
    .port_info 1 /INPUT 16 "b";
    .port_info 2 /OUTPUT 16 "out";
v00000154f104a5b0_0 .net "a", 15 0, v00000154f10497f0_0;  alias, 1 drivers
v00000154f1049890_0 .net "b", 15 0, v00000154f1049b10_0;  alias, 1 drivers
v00000154f1049930_0 .net "out", 15 0, L_00000154f1061df0;  alias, 1 drivers
L_00000154f1061df0 .arith/sub 16, v00000154f10497f0_0, v00000154f1049b10_0;
S_00000154f104b120 .scope module, "multiplier" "Multiplier_8in16bit" 6 102, 7 267 0, S_00000154f0f12ec0;
 .timescale -9 -9;
    .port_info 0 /INPUT 8 "a";
    .port_info 1 /INPUT 16 "b";
    .port_info 2 /OUTPUT 24 "out";
v00000154f104e670_0 .net/s *"_ivl_0", 23 0, L_00000154f10abd90;  1 drivers
v00000154f104ddb0_0 .net/s *"_ivl_2", 23 0, L_00000154f10ab1b0;  1 drivers
v00000154f104ecb0_0 .net/s "a", 7 0, v00000154f1054370_0;  alias, 1 drivers
v00000154f104e8f0_0 .net/s "b", 15 0, v00000154f1053830_0;  alias, 1 drivers
v00000154f104e5d0_0 .net/s "out", 23 0, L_00000154f10ac0b0;  alias, 1 drivers
L_00000154f10abd90 .extend/s 24, v00000154f1054370_0;
L_00000154f10ab1b0 .extend/s 24, v00000154f1053830_0;
L_00000154f10ac0b0 .arith/mult 24, L_00000154f10abd90, L_00000154f10ab1b0;
S_00000154f104b5d0 .scope module, "mux1" "Mux_9to1" 6 83, 7 164 0, S_00000154f0f12ec0;
 .timescale -9 -9;
    .port_info 0 /INPUT 4 "select";
    .port_info 1 /INPUT 8 "in1";
    .port_info 2 /INPUT 8 "in2";
    .port_info 3 /INPUT 8 "in3";
    .port_info 4 /INPUT 8 "in4";
    .port_info 5 /INPUT 8 "in5";
    .port_info 6 /INPUT 8 "in6";
    .port_info 7 /INPUT 8 "in7";
    .port_info 8 /INPUT 8 "in8";
    .port_info 9 /INPUT 8 "in9";
    .port_info 10 /OUTPUT 8 "out";
v00000154f104e350_0 .net "in1", 7 0, v00000154f10434d0_0;  alias, 1 drivers
v00000154f104def0_0 .net "in2", 7 0, v00000154f1043070_0;  alias, 1 drivers
v00000154f104e710_0 .net "in3", 7 0, v00000154f10425d0_0;  alias, 1 drivers
v00000154f104d270_0 .net "in4", 7 0, v00000154f10436b0_0;  alias, 1 drivers
v00000154f104e7b0_0 .net "in5", 7 0, v00000154f1042fd0_0;  alias, 1 drivers
v00000154f104ea30_0 .net "in6", 7 0, v00000154f1043cf0_0;  alias, 1 drivers
v00000154f104edf0_0 .net "in7", 7 0, v00000154f1043ed0_0;  alias, 1 drivers
v00000154f104d3b0_0 .net "in8", 7 0, v00000154f1047d80_0;  alias, 1 drivers
v00000154f1053330_0 .net "in9", 7 0, v00000154f10479c0_0;  alias, 1 drivers
v00000154f1054d70_0 .var "out", 7 0;
v00000154f1054b90_0 .net "select", 3 0, v00000154f0fbbed0_0;  alias, 1 drivers
E_00000154f0fcc290/0 .event anyedge, v00000154f0fbbed0_0, v00000154f10434d0_0, v00000154f1043070_0, v00000154f10425d0_0;
E_00000154f0fcc290/1 .event anyedge, v00000154f10436b0_0, v00000154f1042fd0_0, v00000154f1043cf0_0, v00000154f1043ed0_0;
E_00000154f0fcc290/2 .event anyedge, v00000154f1047d80_0, v00000154f10479c0_0;
E_00000154f0fcc290 .event/or E_00000154f0fcc290/0, E_00000154f0fcc290/1, E_00000154f0fcc290/2;
S_00000154f104b760 .scope module, "mux2" "Mux_3to1_16bit" 6 97, 7 149 0, S_00000154f0f12ec0;
 .timescale -9 -9;
    .port_info 0 /INPUT 2 "select";
    .port_info 1 /INPUT 16 "in1";
    .port_info 2 /INPUT 16 "in2";
    .port_info 3 /INPUT 16 "in3";
    .port_info 4 /OUTPUT 16 "out";
v00000154f1053dd0_0 .net "in1", 15 0, v00000154f1053f10_0;  alias, 1 drivers
v00000154f1053a10_0 .net "in2", 15 0, v00000154f1054190_0;  alias, 1 drivers
v00000154f10540f0_0 .net "in3", 15 0, v00000154f1054410_0;  alias, 1 drivers
v00000154f1053830_0 .var "out", 15 0;
v00000154f1053470_0 .net "select", 1 0, L_00000154f10ab6b0;  1 drivers
E_00000154f0fccf90 .event anyedge, v00000154f1053470_0, v00000154f1053dd0_0, v00000154f1053a10_0, v00000154f10540f0_0;
S_00000154f104ba80 .scope module, "mux3" "Mux_3to1_8bit" 6 100, 7 134 0, S_00000154f0f12ec0;
 .timescale -9 -9;
    .port_info 0 /INPUT 2 "select";
    .port_info 1 /INPUT 8 "in1";
    .port_info 2 /INPUT 8 "in2";
    .port_info 3 /INPUT 8 "in3";
    .port_info 4 /OUTPUT 8 "out";
v00000154f10538d0_0 .net "in1", 7 0, v00000154f10434d0_0;  alias, 1 drivers
v00000154f1054c30_0 .net "in2", 7 0, v00000154f1043070_0;  alias, 1 drivers
v00000154f1054e10_0 .net "in3", 7 0, v00000154f10425d0_0;  alias, 1 drivers
v00000154f1054370_0 .var "out", 7 0;
v00000154f10535b0_0 .net "select", 1 0, L_00000154f10ab2f0;  1 drivers
E_00000154f0fcc2d0 .event anyedge, v00000154f10535b0_0, v00000154f10434d0_0, v00000154f1043070_0, v00000154f10425d0_0;
S_00000154f104ca20 .scope module, "reg1" "Register_16bit" 6 93, 7 16 0, S_00000154f0f12ec0;
 .timescale -9 -9;
    .port_info 0 /INPUT 1 "clk";
    .port_info 1 /INPUT 1 "rst";
    .port_info 2 /INPUT 1 "en";
    .port_info 3 /INPUT 16 "d";
    .port_info 4 /OUTPUT 16 "q";
v00000154f1053bf0_0 .net "clk", 0 0, v00000154f10612b0_0;  alias, 1 drivers
v00000154f1054eb0_0 .net "d", 15 0, v00000154f1042c10_0;  alias, 1 drivers
v00000154f1053e70_0 .net "en", 0 0, L_00000154f10626b0;  1 drivers
v00000154f1053f10_0 .var "q", 15 0;
v00000154f10542d0_0 .net "rst", 0 0, v00000154f0fd7ed0_0;  alias, 1 drivers
S_00000154f104bc10 .scope module, "reg2" "Register_16bit" 6 94, 7 16 0, S_00000154f0f12ec0;
 .timescale -9 -9;
    .port_info 0 /INPUT 1 "clk";
    .port_info 1 /INPUT 1 "rst";
    .port_info 2 /INPUT 1 "en";
    .port_info 3 /INPUT 16 "d";
    .port_info 4 /OUTPUT 16 "q";
v00000154f1053150_0 .net "clk", 0 0, v00000154f10612b0_0;  alias, 1 drivers
v00000154f1054050_0 .net "d", 15 0, v00000154f1042170_0;  alias, 1 drivers
v00000154f1054230_0 .net "en", 0 0, L_00000154f10ac8d0;  1 drivers
v00000154f1054190_0 .var "q", 15 0;
v00000154f1054690_0 .net "rst", 0 0, v00000154f0fd7ed0_0;  alias, 1 drivers
S_00000154f104c250 .scope module, "reg3" "Register_16bit" 6 95, 7 16 0, S_00000154f0f12ec0;
 .timescale -9 -9;
    .port_info 0 /INPUT 1 "clk";
    .port_info 1 /INPUT 1 "rst";
    .port_info 2 /INPUT 1 "en";
    .port_info 3 /INPUT 16 "d";
    .port_info 4 /OUTPUT 16 "q";
v00000154f10531f0_0 .net "clk", 0 0, v00000154f10612b0_0;  alias, 1 drivers
v00000154f1053650_0 .net "d", 15 0, v00000154f1042f30_0;  alias, 1 drivers
v00000154f1053290_0 .net "en", 0 0, L_00000154f10ab250;  1 drivers
v00000154f1054410_0 .var "q", 15 0;
v00000154f10544b0_0 .net "rst", 0 0, v00000154f0fd7ed0_0;  alias, 1 drivers
S_00000154f104bda0 .scope module, "reg4" "Register_24bit" 6 113, 7 31 0, S_00000154f0f12ec0;
 .timescale -9 -9;
    .port_info 0 /INPUT 1 "clk";
    .port_info 1 /INPUT 1 "rst";
    .port_info 2 /INPUT 1 "en";
    .port_info 3 /INPUT 24 "d";
    .port_info 4 /OUTPUT 24 "q";
v00000154f1054730_0 .net "clk", 0 0, v00000154f10612b0_0;  alias, 1 drivers
v00000154f10545f0_0 .net "d", 23 0, v00000154f10420d0_0;  alias, 1 drivers
v00000154f1054f50_0 .net "en", 0 0, L_00000154f10abf70;  1 drivers
v00000154f1054cd0_0 .var "q", 23 0;
v00000154f10547d0_0 .net "rst", 0 0, v00000154f0fd7ed0_0;  alias, 1 drivers
S_00000154f104bf30 .scope module, "reg5" "Register_24bit" 6 114, 7 31 0, S_00000154f0f12ec0;
 .timescale -9 -9;
    .port_info 0 /INPUT 1 "clk";
    .port_info 1 /INPUT 1 "rst";
    .port_info 2 /INPUT 1 "en";
    .port_info 3 /INPUT 24 "d";
    .port_info 4 /OUTPUT 24 "q";
v00000154f1054870_0 .net "clk", 0 0, v00000154f10612b0_0;  alias, 1 drivers
v00000154f1053510_0 .net "d", 23 0, v00000154f10439d0_0;  alias, 1 drivers
v00000154f1053970_0 .net "en", 0 0, L_00000154f10ac470;  1 drivers
v00000154f10533d0_0 .var "q", 23 0;
v00000154f10536f0_0 .net "rst", 0 0, v00000154f0fd7ed0_0;  alias, 1 drivers
S_00000154f104c0c0 .scope module, "reg6" "Register_24bit" 6 115, 7 31 0, S_00000154f0f12ec0;
 .timescale -9 -9;
    .port_info 0 /INPUT 1 "clk";
    .port_info 1 /INPUT 1 "rst";
    .port_info 2 /INPUT 1 "en";
    .port_info 3 /INPUT 24 "d";
    .port_info 4 /OUTPUT 24 "q";
v00000154f1053fb0_0 .net "clk", 0 0, v00000154f10612b0_0;  alias, 1 drivers
v00000154f1054910_0 .net "d", 23 0, v00000154f1043250_0;  alias, 1 drivers
v00000154f1054550_0 .net "en", 0 0, L_00000154f10ab430;  1 drivers
v00000154f10549b0_0 .var "q", 23 0;
v00000154f1054a50_0 .net "rst", 0 0, v00000154f0fd7ed0_0;  alias, 1 drivers
S_00000154f104c3e0 .scope module, "subtractor" "Subtractor_24bit" 6 118, 7 282 0, S_00000154f0f12ec0;
 .timescale -9 -9;
    .port_info 0 /INPUT 24 "a";
    .port_info 1 /INPUT 24 "b";
    .port_info 2 /OUTPUT 24 "out";
v00000154f1053790_0 .net/s "a", 23 0, v00000154f1054cd0_0;  alias, 1 drivers
v00000154f1054af0_0 .net/s "b", 23 0, v00000154f10533d0_0;  alias, 1 drivers
v00000154f1054ff0_0 .net/s "out", 23 0, L_00000154f10acb50;  alias, 1 drivers
L_00000154f10acb50 .arith/sub 24, v00000154f1054cd0_0, v00000154f10533d0_0;
S_00000154f104c570 .scope module, "rom" "ROM" 3 24, 11 2 0, S_00000154f0f09560;
 .timescale -9 -9;
    .port_info 0 /INPUT 4 "addrBus";
    .port_info 1 /OUTPUT 8 "outBus";
P_00000154f0fed2a0 .param/l "BW" 0 11 4, +C4<00000000000000000000000000001000>;
P_00000154f0fed2d8 .param/l "N" 0 11 5, +C4<00000000000000000000000000010000>;
L_00000154f0fec2f0 .functor BUFZ 8, L_00000154f105feb0, C4<00000000>, C4<00000000>, C4<00000000>;
v00000154f10617b0 .array "ROMData", 15 0, 7 0;
v00000154f1061850_0 .net *"_ivl_0", 7 0, L_00000154f105feb0;  1 drivers
v00000154f105f370_0 .net *"_ivl_2", 5 0, L_00000154f105f550;  1 drivers
L_00000154f1063148 .functor BUFT 1, C4<00>, C4<0>, C4<0>, C4<0>;
v00000154f1061170_0 .net *"_ivl_5", 1 0, L_00000154f1063148;  1 drivers
v00000154f1061670_0 .net "addrBus", 3 0, L_00000154f10acf10;  alias, 1 drivers
v00000154f105f190_0 .var/i "i", 31 0;
v00000154f1060bd0_0 .net "outBus", 7 0, L_00000154f0fec2f0;  alias, 1 drivers
L_00000154f105feb0 .array/port v00000154f10617b0, L_00000154f105f550;
L_00000154f105f550 .concat [ 4 2 0 0], L_00000154f10acf10, L_00000154f1063148;
    .scope S_00000154f104c570;
T_0 ;
    %pushi/vec4 0, 0, 32;
    %store/vec4 v00000154f105f190_0, 0, 32;
T_0.0 ;
    %load/vec4 v00000154f105f190_0;
    %cmpi/s 16, 0, 32;
    %jmp/0xz T_0.1, 5;
    %pushi/vec4 0, 0, 8;
    %ix/getv/s 4, v00000154f105f190_0;
    %store/vec4a v00000154f10617b0, 4, 0;
    %load/vec4 v00000154f105f190_0;
    %addi 1, 0, 32;
    %store/vec4 v00000154f105f190_0, 0, 32;
    %jmp T_0.0;
T_0.1 ;
    %vpi_call/w 11 18 "$readmemb", "ROM_data.txt", v00000154f10617b0, 32'sb00000000000000000000000000000000, 32'sb00000000000000000000000000001111 {0 0 0};
    %end;
    .thread T_0;
    .scope S_00000154f1044bd0;
T_1 ;
    %wait E_00000154f0fca550;
    %load/vec4 v00000154f1043610_0;
    %flag_set/vec4 8;
    %jmp/0xz  T_1.0, 8;
    %pushi/vec4 0, 0, 8;
    %assign/vec4 v00000154f10434d0_0, 0;
    %jmp T_1.1;
T_1.0 ;
    %load/vec4 v00000154f10432f0_0;
    %flag_set/vec4 8;
    %jmp/0xz  T_1.2, 8;
    %load/vec4 v00000154f1043430_0;
    %assign/vec4 v00000154f10434d0_0, 0;
T_1.2 ;
T_1.1 ;
    %jmp T_1;
    .thread T_1;
    .scope S_00000154f1044d60;
T_2 ;
    %wait E_00000154f0fca550;
    %load/vec4 v00000154f1042d50_0;
    %flag_set/vec4 8;
    %jmp/0xz  T_2.0, 8;
    %pushi/vec4 0, 0, 8;
    %assign/vec4 v00000154f1043070_0, 0;
    %jmp T_2.1;
T_2.0 ;
    %load/vec4 v00000154f10422b0_0;
    %flag_set/vec4 8;
    %jmp/0xz  T_2.2, 8;
    %load/vec4 v00000154f1042850_0;
    %assign/vec4 v00000154f1043070_0, 0;
T_2.2 ;
T_2.1 ;
    %jmp T_2;
    .thread T_2;
    .scope S_00000154f1044590;
T_3 ;
    %wait E_00000154f0fca550;
    %load/vec4 v00000154f1042a30_0;
    %flag_set/vec4 8;
    %jmp/0xz  T_3.0, 8;
    %pushi/vec4 0, 0, 8;
    %assign/vec4 v00000154f10425d0_0, 0;
    %jmp T_3.1;
T_3.0 ;
    %load/vec4 v00000154f1043930_0;
    %flag_set/vec4 8;
    %jmp/0xz  T_3.2, 8;
    %load/vec4 v00000154f1042490_0;
    %assign/vec4 v00000154f10425d0_0, 0;
T_3.2 ;
T_3.1 ;
    %jmp T_3;
    .thread T_3;
    .scope S_00000154f1044270;
T_4 ;
    %wait E_00000154f0fca550;
    %load/vec4 v00000154f1043a70_0;
    %flag_set/vec4 8;
    %jmp/0xz  T_4.0, 8;
    %pushi/vec4 0, 0, 8;
    %assign/vec4 v00000154f10436b0_0, 0;
    %jmp T_4.1;
T_4.0 ;
    %load/vec4 v00000154f1043570_0;
    %flag_set/vec4 8;
    %jmp/0xz  T_4.2, 8;
    %load/vec4 v00000154f1042e90_0;
    %assign/vec4 v00000154f10436b0_0, 0;
T_4.2 ;
T_4.1 ;
    %jmp T_4;
    .thread T_4;
    .scope S_00000154f10448b0;
T_5 ;
    %wait E_00000154f0fca550;
    %load/vec4 v00000154f1043390_0;
    %flag_set/vec4 8;
    %jmp/0xz  T_5.0, 8;
    %pushi/vec4 0, 0, 8;
    %assign/vec4 v00000154f1042fd0_0, 0;
    %jmp T_5.1;
T_5.0 ;
    %load/vec4 v00000154f10427b0_0;
    %flag_set/vec4 8;
    %jmp/0xz  T_5.2, 8;
    %load/vec4 v00000154f1043b10_0;
    %assign/vec4 v00000154f1042fd0_0, 0;
T_5.2 ;
T_5.1 ;
    %jmp T_5;
    .thread T_5;
    .scope S_00000154f1046090;
T_6 ;
    %wait E_00000154f0fca550;
    %load/vec4 v00000154f1042990_0;
    %flag_set/vec4 8;
    %jmp/0xz  T_6.0, 8;
    %pushi/vec4 0, 0, 8;
    %assign/vec4 v00000154f1043cf0_0, 0;
    %jmp T_6.1;
T_6.0 ;
    %load/vec4 v00000154f1043c50_0;
    %flag_set/vec4 8;
    %jmp/0xz  T_6.2, 8;
    %load/vec4 v00000154f1043bb0_0;
    %assign/vec4 v00000154f1043cf0_0, 0;
T_6.2 ;
T_6.1 ;
    %jmp T_6;
    .thread T_6;
    .scope S_00000154f10469f0;
T_7 ;
    %wait E_00000154f0fca550;
    %load/vec4 v00000154f1042b70_0;
    %flag_set/vec4 8;
    %jmp/0xz  T_7.0, 8;
    %pushi/vec4 0, 0, 8;
    %assign/vec4 v00000154f1043ed0_0, 0;
    %jmp T_7.1;
T_7.0 ;
    %load/vec4 v00000154f1043e30_0;
    %flag_set/vec4 8;
    %jmp/0xz  T_7.2, 8;
    %load/vec4 v00000154f1043d90_0;
    %assign/vec4 v00000154f1043ed0_0, 0;
T_7.2 ;
T_7.1 ;
    %jmp T_7;
    .thread T_7;
    .scope S_00000154f10466d0;
T_8 ;
    %wait E_00000154f0fca550;
    %load/vec4 v00000154f1047920_0;
    %flag_set/vec4 8;
    %jmp/0xz  T_8.0, 8;
    %pushi/vec4 0, 0, 8;
    %assign/vec4 v00000154f1047d80_0, 0;
    %jmp T_8.1;
T_8.0 ;
    %load/vec4 v00000154f1048e60_0;
    %flag_set/vec4 8;
    %jmp/0xz  T_8.2, 8;
    %load/vec4 v00000154f10474c0_0;
    %assign/vec4 v00000154f1047d80_0, 0;
T_8.2 ;
T_8.1 ;
    %jmp T_8;
    .thread T_8;
    .scope S_00000154f1045be0;
T_9 ;
    %wait E_00000154f0fca550;
    %load/vec4 v00000154f1048aa0_0;
    %flag_set/vec4 8;
    %jmp/0xz  T_9.0, 8;
    %pushi/vec4 0, 0, 8;
    %assign/vec4 v00000154f10479c0_0, 0;
    %jmp T_9.1;
T_9.0 ;
    %load/vec4 v00000154f10488c0_0;
    %flag_set/vec4 8;
    %jmp/0xz  T_9.2, 8;
    %load/vec4 v00000154f1048a00_0;
    %assign/vec4 v00000154f10479c0_0, 0;
T_9.2 ;
T_9.1 ;
    %jmp T_9;
    .thread T_9;
    .scope S_00000154f0f20ab0;
T_10 ;
    %wait E_00000154f0fc9b50;
    %load/vec4 v00000154f0fa9ef0_0;
    %flag_set/vec4 8;
    %jmp/0xz  T_10.0, 8;
    %load/vec4 v00000154f0fa9f90_0;
    %assign/vec4 v00000154f0fa99f0_0, 0;
    %jmp T_10.1;
T_10.0 ;
    %load/vec4 v00000154f0fa94f0_0;
    %flag_set/vec4 8;
    %jmp/0xz  T_10.2, 8;
    %load/vec4 v00000154f0fa99f0_0;
    %addi 1, 0, 4;
    %assign/vec4 v00000154f0fa99f0_0, 0;
T_10.2 ;
T_10.1 ;
    %jmp T_10;
    .thread T_10;
    .scope S_00000154f0f20c40;
T_11 ;
    %wait E_00000154f0fcb150;
    %load/vec4 v00000154f0fa9810_0;
    %flag_set/vec4 8;
    %jmp/0xz  T_11.0, 8;
    %load/vec4 v00000154f0fa98b0_0;
    %dup/vec4;
    %pushi/vec4 0, 0, 4;
    %cmp/u;
    %jmp/1 T_11.2, 6;
    %dup/vec4;
    %pushi/vec4 1, 0, 4;
    %cmp/u;
    %jmp/1 T_11.3, 6;
    %dup/vec4;
    %pushi/vec4 2, 0, 4;
    %cmp/u;
    %jmp/1 T_11.4, 6;
    %dup/vec4;
    %pushi/vec4 3, 0, 4;
    %cmp/u;
    %jmp/1 T_11.5, 6;
    %dup/vec4;
    %pushi/vec4 4, 0, 4;
    %cmp/u;
    %jmp/1 T_11.6, 6;
    %dup/vec4;
    %pushi/vec4 5, 0, 4;
    %cmp/u;
    %jmp/1 T_11.7, 6;
    %dup/vec4;
    %pushi/vec4 6, 0, 4;
    %cmp/u;
    %jmp/1 T_11.8, 6;
    %dup/vec4;
    %pushi/vec4 7, 0, 4;
    %cmp/u;
    %jmp/1 T_11.9, 6;
    %dup/vec4;
    %pushi/vec4 8, 0, 4;
    %cmp/u;
    %jmp/1 T_11.10, 6;
    %pushi/vec4 0, 0, 9;
    %store/vec4 v00000154f0fa9950_0, 0, 9;
    %jmp T_11.12;
T_11.2 ;
    %pushi/vec4 1, 0, 9;
    %store/vec4 v00000154f0fa9950_0, 0, 9;
    %jmp T_11.12;
T_11.3 ;
    %pushi/vec4 2, 0, 9;
    %store/vec4 v00000154f0fa9950_0, 0, 9;
    %jmp T_11.12;
T_11.4 ;
    %pushi/vec4 4, 0, 9;
    %store/vec4 v00000154f0fa9950_0, 0, 9;
    %jmp T_11.12;
T_11.5 ;
    %pushi/vec4 8, 0, 9;
    %store/vec4 v00000154f0fa9950_0, 0, 9;
    %jmp T_11.12;
T_11.6 ;
    %pushi/vec4 16, 0, 9;
    %store/vec4 v00000154f0fa9950_0, 0, 9;
    %jmp T_11.12;
T_11.7 ;
    %pushi/vec4 32, 0, 9;
    %store/vec4 v00000154f0fa9950_0, 0, 9;
    %jmp T_11.12;
T_11.8 ;
    %pushi/vec4 64, 0, 9;
    %store/vec4 v00000154f0fa9950_0, 0, 9;
    %jmp T_11.12;
T_11.9 ;
    %pushi/vec4 128, 0, 9;
    %store/vec4 v00000154f0fa9950_0, 0, 9;
    %jmp T_11.12;
T_11.10 ;
    %pushi/vec4 256, 0, 9;
    %store/vec4 v00000154f0fa9950_0, 0, 9;
    %jmp T_11.12;
T_11.12 ;
    %pop/vec4 1;
    %jmp T_11.1;
T_11.0 ;
    %pushi/vec4 0, 0, 9;
    %store/vec4 v00000154f0fa9950_0, 0, 9;
T_11.1 ;
    %jmp T_11;
    .thread T_11, $push;
    .scope S_00000154f0f29aa0;
T_12 ;
    %wait E_00000154f0fc9990;
    %load/vec4 v00000154f0fbbf70_0;
    %dup/vec4;
    %pushi/vec4 0, 0, 2;
    %cmp/u;
    %jmp/1 T_12.0, 6;
    %dup/vec4;
    %pushi/vec4 1, 0, 2;
    %cmp/u;
    %jmp/1 T_12.1, 6;
    %dup/vec4;
    %pushi/vec4 2, 0, 2;
    %cmp/u;
    %jmp/1 T_12.2, 6;
    %pushi/vec4 0, 0, 4;
    %store/vec4 v00000154f0fbbed0_0, 0, 4;
    %jmp T_12.4;
T_12.0 ;
    %load/vec4 v00000154f0fbcb50_0;
    %dup/vec4;
    %pushi/vec4 0, 0, 2;
    %cmp/u;
    %jmp/1 T_12.5, 6;
    %dup/vec4;
    %pushi/vec4 1, 0, 2;
    %cmp/u;
    %jmp/1 T_12.6, 6;
    %dup/vec4;
    %pushi/vec4 2, 0, 2;
    %cmp/u;
    %jmp/1 T_12.7, 6;
    %dup/vec4;
    %pushi/vec4 3, 0, 2;
    %cmp/u;
    %jmp/1 T_12.8, 6;
    %pushi/vec4 0, 0, 4;
    %store/vec4 v00000154f0fbbed0_0, 0, 4;
    %jmp T_12.10;
T_12.5 ;
    %pushi/vec4 4, 0, 4;
    %store/vec4 v00000154f0fbbed0_0, 0, 4;
    %jmp T_12.10;
T_12.6 ;
    %pushi/vec4 5, 0, 4;
    %store/vec4 v00000154f0fbbed0_0, 0, 4;
    %jmp T_12.10;
T_12.7 ;
    %pushi/vec4 7, 0, 4;
    %store/vec4 v00000154f0fbbed0_0, 0, 4;
    %jmp T_12.10;
T_12.8 ;
    %pushi/vec4 8, 0, 4;
    %store/vec4 v00000154f0fbbed0_0, 0, 4;
    %jmp T_12.10;
T_12.10 ;
    %pop/vec4 1;
    %jmp T_12.4;
T_12.1 ;
    %load/vec4 v00000154f0fbcb50_0;
    %dup/vec4;
    %pushi/vec4 0, 0, 2;
    %cmp/u;
    %jmp/1 T_12.11, 6;
    %dup/vec4;
    %pushi/vec4 1, 0, 2;
    %cmp/u;
    %jmp/1 T_12.12, 6;
    %dup/vec4;
    %pushi/vec4 2, 0, 2;
    %cmp/u;
    %jmp/1 T_12.13, 6;
    %dup/vec4;
    %pushi/vec4 3, 0, 2;
    %cmp/u;
    %jmp/1 T_12.14, 6;
    %pushi/vec4 0, 0, 4;
    %store/vec4 v00000154f0fbbed0_0, 0, 4;
    %jmp T_12.16;
T_12.11 ;
    %pushi/vec4 3, 0, 4;
    %store/vec4 v00000154f0fbbed0_0, 0, 4;
    %jmp T_12.16;
T_12.12 ;
    %pushi/vec4 5, 0, 4;
    %store/vec4 v00000154f0fbbed0_0, 0, 4;
    %jmp T_12.16;
T_12.13 ;
    %pushi/vec4 6, 0, 4;
    %store/vec4 v00000154f0fbbed0_0, 0, 4;
    %jmp T_12.16;
T_12.14 ;
    %pushi/vec4 8, 0, 4;
    %store/vec4 v00000154f0fbbed0_0, 0, 4;
    %jmp T_12.16;
T_12.16 ;
    %pop/vec4 1;
    %jmp T_12.4;
T_12.2 ;
    %load/vec4 v00000154f0fbcb50_0;
    %dup/vec4;
    %pushi/vec4 0, 0, 2;
    %cmp/u;
    %jmp/1 T_12.17, 6;
    %dup/vec4;
    %pushi/vec4 1, 0, 2;
    %cmp/u;
    %jmp/1 T_12.18, 6;
    %dup/vec4;
    %pushi/vec4 2, 0, 2;
    %cmp/u;
    %jmp/1 T_12.19, 6;
    %dup/vec4;
    %pushi/vec4 3, 0, 2;
    %cmp/u;
    %jmp/1 T_12.20, 6;
    %pushi/vec4 0, 0, 4;
    %store/vec4 v00000154f0fbbed0_0, 0, 4;
    %jmp T_12.22;
T_12.17 ;
    %pushi/vec4 3, 0, 4;
    %store/vec4 v00000154f0fbbed0_0, 0, 4;
    %jmp T_12.22;
T_12.18 ;
    %pushi/vec4 4, 0, 4;
    %store/vec4 v00000154f0fbbed0_0, 0, 4;
    %jmp T_12.22;
T_12.19 ;
    %pushi/vec4 6, 0, 4;
    %store/vec4 v00000154f0fbbed0_0, 0, 4;
    %jmp T_12.22;
T_12.20 ;
    %pushi/vec4 7, 0, 4;
    %store/vec4 v00000154f0fbbed0_0, 0, 4;
    %jmp T_12.22;
T_12.22 ;
    %pop/vec4 1;
    %jmp T_12.4;
T_12.4 ;
    %pop/vec4 1;
    %jmp T_12;
    .thread T_12, $push;
    .scope S_00000154f104b5d0;
T_13 ;
    %wait E_00000154f0fcc290;
    %load/vec4 v00000154f1054b90_0;
    %dup/vec4;
    %pushi/vec4 0, 0, 4;
    %cmp/u;
    %jmp/1 T_13.0, 6;
    %dup/vec4;
    %pushi/vec4 1, 0, 4;
    %cmp/u;
    %jmp/1 T_13.1, 6;
    %dup/vec4;
    %pushi/vec4 2, 0, 4;
    %cmp/u;
    %jmp/1 T_13.2, 6;
    %dup/vec4;
    %pushi/vec4 3, 0, 4;
    %cmp/u;
    %jmp/1 T_13.3, 6;
    %dup/vec4;
    %pushi/vec4 4, 0, 4;
    %cmp/u;
    %jmp/1 T_13.4, 6;
    %dup/vec4;
    %pushi/vec4 5, 0, 4;
    %cmp/u;
    %jmp/1 T_13.5, 6;
    %dup/vec4;
    %pushi/vec4 6, 0, 4;
    %cmp/u;
    %jmp/1 T_13.6, 6;
    %dup/vec4;
    %pushi/vec4 7, 0, 4;
    %cmp/u;
    %jmp/1 T_13.7, 6;
    %dup/vec4;
    %pushi/vec4 8, 0, 4;
    %cmp/u;
    %jmp/1 T_13.8, 6;
    %pushi/vec4 0, 0, 8;
    %store/vec4 v00000154f1054d70_0, 0, 8;
    %jmp T_13.10;
T_13.0 ;
    %load/vec4 v00000154f104e350_0;
    %store/vec4 v00000154f1054d70_0, 0, 8;
    %jmp T_13.10;
T_13.1 ;
    %load/vec4 v00000154f104def0_0;
    %store/vec4 v00000154f1054d70_0, 0, 8;
    %jmp T_13.10;
T_13.2 ;
    %load/vec4 v00000154f104e710_0;
    %store/vec4 v00000154f1054d70_0, 0, 8;
    %jmp T_13.10;
T_13.3 ;
    %load/vec4 v00000154f104d270_0;
    %store/vec4 v00000154f1054d70_0, 0, 8;
    %jmp T_13.10;
T_13.4 ;
    %load/vec4 v00000154f104e7b0_0;
    %store/vec4 v00000154f1054d70_0, 0, 8;
    %jmp T_13.10;
T_13.5 ;
    %load/vec4 v00000154f104ea30_0;
    %store/vec4 v00000154f1054d70_0, 0, 8;
    %jmp T_13.10;
T_13.6 ;
    %load/vec4 v00000154f104edf0_0;
    %store/vec4 v00000154f1054d70_0, 0, 8;
    %jmp T_13.10;
T_13.7 ;
    %load/vec4 v00000154f104d3b0_0;
    %store/vec4 v00000154f1054d70_0, 0, 8;
    %jmp T_13.10;
T_13.8 ;
    %load/vec4 v00000154f1053330_0;
    %store/vec4 v00000154f1054d70_0, 0, 8;
    %jmp T_13.10;
T_13.10 ;
    %pop/vec4 1;
    %jmp T_13;
    .thread T_13, $push;
    .scope S_00000154f10455a0;
T_14 ;
    %wait E_00000154f0fcc490;
    %load/vec4 v00000154f1047880_0;
    %flag_set/vec4 8;
    %jmp/0xz  T_14.0, 8;
    %pushi/vec4 0, 0, 8;
    %assign/vec4 v00000154f1048320_0, 0;
    %jmp T_14.1;
T_14.0 ;
    %load/vec4 v00000154f1047740_0;
    %flag_set/vec4 8;
    %jmp/0xz  T_14.2, 8;
    %load/vec4 v00000154f10476a0_0;
    %assign/vec4 v00000154f1048320_0, 0;
T_14.2 ;
T_14.1 ;
    %jmp T_14;
    .thread T_14;
    .scope S_00000154f1045f00;
T_15 ;
    %wait E_00000154f0fcc490;
    %load/vec4 v00000154f10496b0_0;
    %flag_set/vec4 8;
    %jmp/0xz  T_15.0, 8;
    %pushi/vec4 0, 0, 8;
    %assign/vec4 v00000154f1048640_0, 0;
    %jmp T_15.1;
T_15.0 ;
    %load/vec4 v00000154f10485a0_0;
    %flag_set/vec4 8;
    %jmp/0xz  T_15.2, 8;
    %load/vec4 v00000154f10483c0_0;
    %assign/vec4 v00000154f1048640_0, 0;
T_15.2 ;
T_15.1 ;
    %jmp T_15;
    .thread T_15;
    .scope S_00000154f1045d70;
T_16 ;
    %wait E_00000154f0fcc490;
    %load/vec4 v00000154f104a6f0_0;
    %flag_set/vec4 8;
    %jmp/0xz  T_16.0, 8;
    %pushi/vec4 0, 0, 8;
    %assign/vec4 v00000154f1049430_0, 0;
    %jmp T_16.1;
T_16.0 ;
    %load/vec4 v00000154f104ad30_0;
    %flag_set/vec4 8;
    %jmp/0xz  T_16.2, 8;
    %load/vec4 v00000154f1049570_0;
    %assign/vec4 v00000154f1049430_0, 0;
T_16.2 ;
T_16.1 ;
    %jmp T_16;
    .thread T_16;
    .scope S_00000154f104b8f0;
T_17 ;
    %wait E_00000154f0fcc490;
    %load/vec4 v00000154f1049d90_0;
    %flag_set/vec4 8;
    %jmp/0xz  T_17.0, 8;
    %pushi/vec4 0, 0, 8;
    %assign/vec4 v00000154f1049110_0, 0;
    %jmp T_17.1;
T_17.0 ;
    %load/vec4 v00000154f104a790_0;
    %flag_set/vec4 8;
    %jmp/0xz  T_17.2, 8;
    %load/vec4 v00000154f104a8d0_0;
    %assign/vec4 v00000154f1049110_0, 0;
T_17.2 ;
T_17.1 ;
    %jmp T_17;
    .thread T_17;
    .scope S_00000154f10450f0;
T_18 ;
    %wait E_00000154f0fc9b50;
    %load/vec4 v00000154f1048f00_0;
    %flag_set/vec4 8;
    %jmp/0xz  T_18.0, 8;
    %load/vec4 v00000154f1047ec0_0;
    %assign/vec4 v00000154f1047b00_0, 0;
    %jmp T_18.1;
T_18.0 ;
    %load/vec4 v00000154f1047ba0_0;
    %flag_set/vec4 8;
    %jmp/0xz  T_18.2, 8;
    %load/vec4 v00000154f1047b00_0;
    %addi 1, 0, 3;
    %assign/vec4 v00000154f1047b00_0, 0;
T_18.2 ;
T_18.1 ;
    %jmp T_18;
    .thread T_18;
    .scope S_00000154f1045410;
T_19 ;
    %wait E_00000154f0fccf50;
    %load/vec4 v00000154f1048fa0_0;
    %flag_set/vec4 8;
    %jmp/0xz  T_19.0, 8;
    %load/vec4 v00000154f1047420_0;
    %dup/vec4;
    %pushi/vec4 0, 0, 2;
    %cmp/u;
    %jmp/1 T_19.2, 6;
    %dup/vec4;
    %pushi/vec4 1, 0, 2;
    %cmp/u;
    %jmp/1 T_19.3, 6;
    %dup/vec4;
    %pushi/vec4 2, 0, 2;
    %cmp/u;
    %jmp/1 T_19.4, 6;
    %dup/vec4;
    %pushi/vec4 3, 0, 2;
    %cmp/u;
    %jmp/1 T_19.5, 6;
    %pushi/vec4 0, 0, 4;
    %store/vec4 v00000154f1048500_0, 0, 4;
    %jmp T_19.7;
T_19.2 ;
    %pushi/vec4 1, 0, 4;
    %store/vec4 v00000154f1048500_0, 0, 4;
    %jmp T_19.7;
T_19.3 ;
    %pushi/vec4 2, 0, 4;
    %store/vec4 v00000154f1048500_0, 0, 4;
    %jmp T_19.7;
T_19.4 ;
    %pushi/vec4 4, 0, 4;
    %store/vec4 v00000154f1048500_0, 0, 4;
    %jmp T_19.7;
T_19.5 ;
    %pushi/vec4 8, 0, 4;
    %store/vec4 v00000154f1048500_0, 0, 4;
    %jmp T_19.7;
T_19.7 ;
    %pop/vec4 1;
    %jmp T_19.1;
T_19.0 ;
    %pushi/vec4 0, 0, 4;
    %store/vec4 v00000154f1048500_0, 0, 4;
T_19.1 ;
    %jmp T_19;
    .thread T_19, $push;
    .scope S_00000154f1046d10;
T_20 ;
    %wait E_00000154f0fcc8d0;
    %load/vec4 v00000154f1047f60_0;
    %flag_set/vec4 8;
    %jmp/0xz  T_20.0, 8;
    %pushi/vec4 0, 0, 16;
    %store/vec4 v00000154f1047560_0, 0, 16;
    %load/vec4 v00000154f10486e0_0;
    %store/vec4 v00000154f1047c40_0, 0, 16;
    %jmp T_20.1;
T_20.0 ;
    %load/vec4 v00000154f10486e0_0;
    %store/vec4 v00000154f1047560_0, 0, 16;
    %pushi/vec4 0, 0, 16;
    %store/vec4 v00000154f1047c40_0, 0, 16;
T_20.1 ;
    %jmp T_20;
    .thread T_20, $push;
    .scope S_00000154f104b440;
T_21 ;
    %wait E_00000154f0fcc490;
    %load/vec4 v00000154f104a650_0;
    %flag_set/vec4 8;
    %jmp/0xz  T_21.0, 8;
    %pushi/vec4 0, 0, 16;
    %assign/vec4 v00000154f10497f0_0, 0;
    %jmp T_21.1;
T_21.0 ;
    %load/vec4 v00000154f104a830_0;
    %flag_set/vec4 8;
    %jmp/0xz  T_21.2, 8;
    %load/vec4 v00000154f104a010_0;
    %assign/vec4 v00000154f10497f0_0, 0;
T_21.2 ;
T_21.1 ;
    %jmp T_21;
    .thread T_21;
    .scope S_00000154f104c700;
T_22 ;
    %wait E_00000154f0fcc490;
    %load/vec4 v00000154f1049610_0;
    %flag_set/vec4 8;
    %jmp/0xz  T_22.0, 8;
    %pushi/vec4 0, 0, 16;
    %assign/vec4 v00000154f1049b10_0, 0;
    %jmp T_22.1;
T_22.0 ;
    %load/vec4 v00000154f10492f0_0;
    %flag_set/vec4 8;
    %jmp/0xz  T_22.2, 8;
    %load/vec4 v00000154f104afb0_0;
    %assign/vec4 v00000154f1049b10_0, 0;
T_22.2 ;
T_22.1 ;
    %jmp T_22;
    .thread T_22;
    .scope S_00000154f1045730;
T_23 ;
    %wait E_00000154f0fca5d0;
    %load/vec4 v00000154f1048960_0;
    %flag_set/vec4 8;
    %jmp/0xz  T_23.0, 8;
    %pushi/vec4 0, 0, 2;
    %assign/vec4 v00000154f1047240_0, 0;
    %jmp T_23.1;
T_23.0 ;
    %load/vec4 v00000154f1048be0_0;
    %assign/vec4 v00000154f1047240_0, 0;
T_23.1 ;
    %jmp T_23;
    .thread T_23;
    .scope S_00000154f1045730;
T_24 ;
    %wait E_00000154f0fca390;
    %load/vec4 v00000154f1047240_0;
    %dup/vec4;
    %pushi/vec4 0, 0, 2;
    %cmp/u;
    %jmp/1 T_24.0, 6;
    %dup/vec4;
    %pushi/vec4 1, 0, 2;
    %cmp/u;
    %jmp/1 T_24.1, 6;
    %dup/vec4;
    %pushi/vec4 2, 0, 2;
    %cmp/u;
    %jmp/1 T_24.2, 6;
    %dup/vec4;
    %pushi/vec4 3, 0, 2;
    %cmp/u;
    %jmp/1 T_24.3, 6;
    %jmp T_24.4;
T_24.0 ;
    %load/vec4 v00000154f1048b40_0;
    %flag_set/vec4 9;
    %flag_get/vec4 9;
    %jmp/0 T_24.7, 9;
    %load/vec4 v00000154f1048960_0;
    %nor/r;
    %and;
T_24.7;
    %flag_set/vec4 8;
    %jmp/0xz  T_24.5, 8;
    %pushi/vec4 0, 0, 1;
    %store/vec4 v00000154f1048c80_0, 0, 1;
    %pushi/vec4 1, 0, 1;
    %store/vec4 v00000154f1048780_0, 0, 1;
    %pushi/vec4 1, 0, 2;
    %assign/vec4 v00000154f1048be0_0, 0;
    %jmp T_24.6;
T_24.5 ;
    %pushi/vec4 1, 0, 1;
    %store/vec4 v00000154f1048c80_0, 0, 1;
    %pushi/vec4 0, 0, 1;
    %store/vec4 v00000154f1048780_0, 0, 1;
    %pushi/vec4 0, 0, 1;
    %store/vec4 v00000154f1048820_0, 0, 1;
    %pushi/vec4 0, 0, 1;
    %store/vec4 v00000154f10477e0_0, 0, 1;
    %pushi/vec4 0, 0, 1;
    %store/vec4 v00000154f10471a0_0, 0, 1;
    %pushi/vec4 0, 0, 2;
    %assign/vec4 v00000154f1048be0_0, 0;
T_24.6 ;
    %jmp T_24.4;
T_24.1 ;
    %load/vec4 v00000154f1048280_0;
    %nor/r;
    %flag_set/vec4 8;
    %jmp/0xz  T_24.8, 8;
    %pushi/vec4 1, 0, 2;
    %assign/vec4 v00000154f1048be0_0, 0;
    %jmp T_24.9;
T_24.8 ;
    %pushi/vec4 0, 0, 1;
    %store/vec4 v00000154f1047ce0_0, 0, 1;
    %pushi/vec4 0, 0, 1;
    %store/vec4 v00000154f1048780_0, 0, 1;
    %pushi/vec4 1, 0, 1;
    %store/vec4 v00000154f1048820_0, 0, 1;
    %pushi/vec4 0, 0, 1;
    %store/vec4 v00000154f10477e0_0, 0, 1;
    %pushi/vec4 2, 0, 2;
    %assign/vec4 v00000154f1048be0_0, 0;
T_24.9 ;
    %jmp T_24.4;
T_24.2 ;
    %load/vec4 v00000154f1047a60_0;
    %nor/r;
    %flag_set/vec4 8;
    %jmp/0xz  T_24.10, 8;
    %pushi/vec4 1, 0, 1;
    %store/vec4 v00000154f1047ce0_0, 0, 1;
    %pushi/vec4 0, 0, 1;
    %store/vec4 v00000154f1048820_0, 0, 1;
    %pushi/vec4 1, 0, 1;
    %store/vec4 v00000154f10477e0_0, 0, 1;
    %pushi/vec4 2, 0, 2;
    %assign/vec4 v00000154f1048be0_0, 0;
    %jmp T_24.11;
T_24.10 ;
    %pushi/vec4 0, 0, 1;
    %store/vec4 v00000154f10477e0_0, 0, 1;
    %pushi/vec4 3, 0, 2;
    %assign/vec4 v00000154f1048be0_0, 0;
T_24.11 ;
    %jmp T_24.4;
T_24.3 ;
    %pushi/vec4 0, 0, 2;
    %assign/vec4 v00000154f1048be0_0, 0;
    %pushi/vec4 1, 0, 1;
    %store/vec4 v00000154f10471a0_0, 0, 1;
    %jmp T_24.4;
T_24.4 ;
    %pop/vec4 1;
    %jmp T_24;
    .thread T_24, $push;
    .scope S_00000154f0f20580;
T_25 ;
    %wait E_00000154f0fca510;
    %load/vec4 v00000154f1043890_0;
    %dup/vec4;
    %pushi/vec4 0, 0, 2;
    %cmp/u;
    %jmp/1 T_25.0, 6;
    %dup/vec4;
    %pushi/vec4 1, 0, 2;
    %cmp/u;
    %jmp/1 T_25.1, 6;
    %dup/vec4;
    %pushi/vec4 2, 0, 2;
    %cmp/u;
    %jmp/1 T_25.2, 6;
    %jmp T_25.3;
T_25.0 ;
    %load/vec4 v00000154f1042350_0;
    %store/vec4 v00000154f1042c10_0, 0, 16;
    %pushi/vec4 0, 0, 16;
    %store/vec4 v00000154f1042170_0, 0, 16;
    %pushi/vec4 0, 0, 16;
    %store/vec4 v00000154f1042f30_0, 0, 16;
    %jmp T_25.3;
T_25.1 ;
    %pushi/vec4 0, 0, 16;
    %store/vec4 v00000154f1042c10_0, 0, 16;
    %load/vec4 v00000154f1042350_0;
    %store/vec4 v00000154f1042170_0, 0, 16;
    %pushi/vec4 0, 0, 16;
    %store/vec4 v00000154f1042f30_0, 0, 16;
    %jmp T_25.3;
T_25.2 ;
    %pushi/vec4 0, 0, 16;
    %store/vec4 v00000154f1042c10_0, 0, 16;
    %pushi/vec4 0, 0, 16;
    %store/vec4 v00000154f1042170_0, 0, 16;
    %load/vec4 v00000154f1042350_0;
    %store/vec4 v00000154f1042f30_0, 0, 16;
    %jmp T_25.3;
T_25.3 ;
    %pop/vec4 1;
    %jmp T_25;
    .thread T_25, $push;
    .scope S_00000154f0f20fb0;
T_26 ;
    %wait E_00000154f0fcad50;
    %load/vec4 v00000154f0fa9a90_0;
    %flag_set/vec4 8;
    %jmp/0xz  T_26.0, 8;
    %load/vec4 v00000154f1043110_0;
    %dup/vec4;
    %pushi/vec4 0, 0, 2;
    %cmp/u;
    %jmp/1 T_26.2, 6;
    %dup/vec4;
    %pushi/vec4 1, 0, 2;
    %cmp/u;
    %jmp/1 T_26.3, 6;
    %dup/vec4;
    %pushi/vec4 2, 0, 2;
    %cmp/u;
    %jmp/1 T_26.4, 6;
    %dup/vec4;
    %pushi/vec4 3, 0, 2;
    %cmp/u;
    %jmp/1 T_26.5, 6;
    %pushi/vec4 0, 0, 4;
    %store/vec4 v00000154f10437f0_0, 0, 4;
    %jmp T_26.7;
T_26.2 ;
    %pushi/vec4 1, 0, 4;
    %store/vec4 v00000154f10437f0_0, 0, 4;
    %jmp T_26.7;
T_26.3 ;
    %pushi/vec4 2, 0, 4;
    %store/vec4 v00000154f10437f0_0, 0, 4;
    %jmp T_26.7;
T_26.4 ;
    %pushi/vec4 4, 0, 4;
    %store/vec4 v00000154f10437f0_0, 0, 4;
    %jmp T_26.7;
T_26.5 ;
    %pushi/vec4 8, 0, 4;
    %store/vec4 v00000154f10437f0_0, 0, 4;
    %jmp T_26.7;
T_26.7 ;
    %pop/vec4 1;
    %jmp T_26.1;
T_26.0 ;
    %pushi/vec4 0, 0, 4;
    %store/vec4 v00000154f10437f0_0, 0, 4;
T_26.1 ;
    %jmp T_26;
    .thread T_26, $push;
    .scope S_00000154f104ca20;
T_27 ;
    %wait E_00000154f0fca550;
    %load/vec4 v00000154f10542d0_0;
    %flag_set/vec4 8;
    %jmp/0xz  T_27.0, 8;
    %pushi/vec4 0, 0, 16;
    %assign/vec4 v00000154f1053f10_0, 0;
    %jmp T_27.1;
T_27.0 ;
    %load/vec4 v00000154f1053e70_0;
    %flag_set/vec4 8;
    %jmp/0xz  T_27.2, 8;
    %load/vec4 v00000154f1054eb0_0;
    %assign/vec4 v00000154f1053f10_0, 0;
T_27.2 ;
T_27.1 ;
    %jmp T_27;
    .thread T_27;
    .scope S_00000154f104bc10;
T_28 ;
    %wait E_00000154f0fca550;
    %load/vec4 v00000154f1054690_0;
    %flag_set/vec4 8;
    %jmp/0xz  T_28.0, 8;
    %pushi/vec4 0, 0, 16;
    %assign/vec4 v00000154f1054190_0, 0;
    %jmp T_28.1;
T_28.0 ;
    %load/vec4 v00000154f1054230_0;
    %flag_set/vec4 8;
    %jmp/0xz  T_28.2, 8;
    %load/vec4 v00000154f1054050_0;
    %assign/vec4 v00000154f1054190_0, 0;
T_28.2 ;
T_28.1 ;
    %jmp T_28;
    .thread T_28;
    .scope S_00000154f104c250;
T_29 ;
    %wait E_00000154f0fca550;
    %load/vec4 v00000154f10544b0_0;
    %flag_set/vec4 8;
    %jmp/0xz  T_29.0, 8;
    %pushi/vec4 0, 0, 16;
    %assign/vec4 v00000154f1054410_0, 0;
    %jmp T_29.1;
T_29.0 ;
    %load/vec4 v00000154f1053290_0;
    %flag_set/vec4 8;
    %jmp/0xz  T_29.2, 8;
    %load/vec4 v00000154f1053650_0;
    %assign/vec4 v00000154f1054410_0, 0;
T_29.2 ;
T_29.1 ;
    %jmp T_29;
    .thread T_29;
    .scope S_00000154f104b760;
T_30 ;
    %wait E_00000154f0fccf90;
    %load/vec4 v00000154f1053470_0;
    %dup/vec4;
    %pushi/vec4 0, 0, 2;
    %cmp/u;
    %jmp/1 T_30.0, 6;
    %dup/vec4;
    %pushi/vec4 1, 0, 2;
    %cmp/u;
    %jmp/1 T_30.1, 6;
    %dup/vec4;
    %pushi/vec4 2, 0, 2;
    %cmp/u;
    %jmp/1 T_30.2, 6;
    %pushi/vec4 0, 0, 16;
    %store/vec4 v00000154f1053830_0, 0, 16;
    %jmp T_30.4;
T_30.0 ;
    %load/vec4 v00000154f1053dd0_0;
    %store/vec4 v00000154f1053830_0, 0, 16;
    %jmp T_30.4;
T_30.1 ;
    %load/vec4 v00000154f1053a10_0;
    %store/vec4 v00000154f1053830_0, 0, 16;
    %jmp T_30.4;
T_30.2 ;
    %load/vec4 v00000154f10540f0_0;
    %store/vec4 v00000154f1053830_0, 0, 16;
    %jmp T_30.4;
T_30.4 ;
    %pop/vec4 1;
    %jmp T_30;
    .thread T_30, $push;
    .scope S_00000154f104ba80;
T_31 ;
    %wait E_00000154f0fcc2d0;
    %load/vec4 v00000154f10535b0_0;
    %dup/vec4;
    %pushi/vec4 0, 0, 2;
    %cmp/u;
    %jmp/1 T_31.0, 6;
    %dup/vec4;
    %pushi/vec4 1, 0, 2;
    %cmp/u;
    %jmp/1 T_31.1, 6;
    %dup/vec4;
    %pushi/vec4 2, 0, 2;
    %cmp/u;
    %jmp/1 T_31.2, 6;
    %pushi/vec4 0, 0, 8;
    %store/vec4 v00000154f1054370_0, 0, 8;
    %jmp T_31.4;
T_31.0 ;
    %load/vec4 v00000154f10538d0_0;
    %store/vec4 v00000154f1054370_0, 0, 8;
    %jmp T_31.4;
T_31.1 ;
    %load/vec4 v00000154f1054c30_0;
    %store/vec4 v00000154f1054370_0, 0, 8;
    %jmp T_31.4;
T_31.2 ;
    %load/vec4 v00000154f1054e10_0;
    %store/vec4 v00000154f1054370_0, 0, 8;
    %jmp T_31.4;
T_31.4 ;
    %pop/vec4 1;
    %jmp T_31;
    .thread T_31, $push;
    .scope S_00000154f0f20710;
T_32 ;
    %wait E_00000154f0fcaf90;
    %load/vec4 v00000154f1042670_0;
    %dup/vec4;
    %pushi/vec4 0, 0, 2;
    %cmp/u;
    %jmp/1 T_32.0, 6;
    %dup/vec4;
    %pushi/vec4 1, 0, 2;
    %cmp/u;
    %jmp/1 T_32.1, 6;
    %dup/vec4;
    %pushi/vec4 2, 0, 2;
    %cmp/u;
    %jmp/1 T_32.2, 6;
    %jmp T_32.3;
T_32.0 ;
    %load/vec4 v00000154f10431b0_0;
    %store/vec4 v00000154f10420d0_0, 0, 24;
    %pushi/vec4 0, 0, 24;
    %store/vec4 v00000154f10439d0_0, 0, 24;
    %pushi/vec4 0, 0, 24;
    %store/vec4 v00000154f1043250_0, 0, 24;
    %jmp T_32.3;
T_32.1 ;
    %pushi/vec4 0, 0, 24;
    %store/vec4 v00000154f10420d0_0, 0, 24;
    %load/vec4 v00000154f10431b0_0;
    %store/vec4 v00000154f10439d0_0, 0, 24;
    %pushi/vec4 0, 0, 24;
    %store/vec4 v00000154f1043250_0, 0, 24;
    %jmp T_32.3;
T_32.2 ;
    %pushi/vec4 0, 0, 24;
    %store/vec4 v00000154f10420d0_0, 0, 24;
    %pushi/vec4 0, 0, 24;
    %store/vec4 v00000154f10439d0_0, 0, 24;
    %load/vec4 v00000154f10431b0_0;
    %store/vec4 v00000154f1043250_0, 0, 24;
    %jmp T_32.3;
T_32.3 ;
    %pop/vec4 1;
    %jmp T_32;
    .thread T_32, $push;
    .scope S_00000154f0f21140;
T_33 ;
    %wait E_00000154f0fca710;
    %load/vec4 v00000154f1042530_0;
    %flag_set/vec4 8;
    %jmp/0xz  T_33.0, 8;
    %load/vec4 v00000154f1042df0_0;
    %dup/vec4;
    %pushi/vec4 0, 0, 2;
    %cmp/u;
    %jmp/1 T_33.2, 6;
    %dup/vec4;
    %pushi/vec4 1, 0, 2;
    %cmp/u;
    %jmp/1 T_33.3, 6;
    %dup/vec4;
    %pushi/vec4 2, 0, 2;
    %cmp/u;
    %jmp/1 T_33.4, 6;
    %dup/vec4;
    %pushi/vec4 3, 0, 2;
    %cmp/u;
    %jmp/1 T_33.5, 6;
    %pushi/vec4 0, 0, 4;
    %store/vec4 v00000154f1043f70_0, 0, 4;
    %jmp T_33.7;
T_33.2 ;
    %pushi/vec4 1, 0, 4;
    %store/vec4 v00000154f1043f70_0, 0, 4;
    %jmp T_33.7;
T_33.3 ;
    %pushi/vec4 2, 0, 4;
    %store/vec4 v00000154f1043f70_0, 0, 4;
    %jmp T_33.7;
T_33.4 ;
    %pushi/vec4 4, 0, 4;
    %store/vec4 v00000154f1043f70_0, 0, 4;
    %jmp T_33.7;
T_33.5 ;
    %pushi/vec4 8, 0, 4;
    %store/vec4 v00000154f1043f70_0, 0, 4;
    %jmp T_33.7;
T_33.7 ;
    %pop/vec4 1;
    %jmp T_33.1;
T_33.0 ;
    %pushi/vec4 0, 0, 4;
    %store/vec4 v00000154f1043f70_0, 0, 4;
T_33.1 ;
    %jmp T_33;
    .thread T_33, $push;
    .scope S_00000154f104bda0;
T_34 ;
    %wait E_00000154f0fca550;
    %load/vec4 v00000154f10547d0_0;
    %flag_set/vec4 8;
    %jmp/0xz  T_34.0, 8;
    %pushi/vec4 0, 0, 24;
    %assign/vec4 v00000154f1054cd0_0, 0;
    %jmp T_34.1;
T_34.0 ;
    %load/vec4 v00000154f1054f50_0;
    %flag_set/vec4 8;
    %jmp/0xz  T_34.2, 8;
    %load/vec4 v00000154f10545f0_0;
    %assign/vec4 v00000154f1054cd0_0, 0;
T_34.2 ;
T_34.1 ;
    %jmp T_34;
    .thread T_34;
    .scope S_00000154f104bf30;
T_35 ;
    %wait E_00000154f0fca550;
    %load/vec4 v00000154f10536f0_0;
    %flag_set/vec4 8;
    %jmp/0xz  T_35.0, 8;
    %pushi/vec4 0, 0, 24;
    %assign/vec4 v00000154f10533d0_0, 0;
    %jmp T_35.1;
T_35.0 ;
    %load/vec4 v00000154f1053970_0;
    %flag_set/vec4 8;
    %jmp/0xz  T_35.2, 8;
    %load/vec4 v00000154f1053510_0;
    %assign/vec4 v00000154f10533d0_0, 0;
T_35.2 ;
T_35.1 ;
    %jmp T_35;
    .thread T_35;
    .scope S_00000154f104c0c0;
T_36 ;
    %wait E_00000154f0fca550;
    %load/vec4 v00000154f1054a50_0;
    %flag_set/vec4 8;
    %jmp/0xz  T_36.0, 8;
    %pushi/vec4 0, 0, 24;
    %assign/vec4 v00000154f10549b0_0, 0;
    %jmp T_36.1;
T_36.0 ;
    %load/vec4 v00000154f1054550_0;
    %flag_set/vec4 8;
    %jmp/0xz  T_36.2, 8;
    %load/vec4 v00000154f1054910_0;
    %assign/vec4 v00000154f10549b0_0, 0;
T_36.2 ;
T_36.1 ;
    %jmp T_36;
    .thread T_36;
    .scope S_00000154f0f133c0;
T_37 ;
    %wait E_00000154f0fc9bd0;
    %load/vec4 v00000154f0fd7f70_0;
    %flag_set/vec4 8;
    %jmp/0xz  T_37.0, 8;
    %pushi/vec4 0, 0, 3;
    %assign/vec4 v00000154f0fd80b0_0, 0;
    %jmp T_37.1;
T_37.0 ;
    %load/vec4 v00000154f0fd8dd0_0;
    %assign/vec4 v00000154f0fd80b0_0, 0;
T_37.1 ;
    %jmp T_37;
    .thread T_37;
    .scope S_00000154f0f133c0;
T_38 ;
    %wait E_00000154f0fc9b10;
    %load/vec4 v00000154f0fd80b0_0;
    %dup/vec4;
    %pushi/vec4 0, 0, 3;
    %cmp/u;
    %jmp/1 T_38.0, 6;
    %dup/vec4;
    %pushi/vec4 1, 0, 3;
    %cmp/u;
    %jmp/1 T_38.1, 6;
    %dup/vec4;
    %pushi/vec4 2, 0, 3;
    %cmp/u;
    %jmp/1 T_38.2, 6;
    %dup/vec4;
    %pushi/vec4 3, 0, 3;
    %cmp/u;
    %jmp/1 T_38.3, 6;
    %dup/vec4;
    %pushi/vec4 4, 0, 3;
    %cmp/u;
    %jmp/1 T_38.4, 6;
    %dup/vec4;
    %pushi/vec4 5, 0, 3;
    %cmp/u;
    %jmp/1 T_38.5, 6;
    %dup/vec4;
    %pushi/vec4 6, 0, 3;
    %cmp/u;
    %jmp/1 T_38.6, 6;
    %jmp T_38.7;
T_38.0 ;
    %load/vec4 v00000154f0fd83d0_0;
    %flag_set/vec4 9;
    %flag_get/vec4 9;
    %jmp/0 T_38.10, 9;
    %load/vec4 v00000154f0fd7f70_0;
    %nor/r;
    %and;
T_38.10;
    %flag_set/vec4 8;
    %jmp/0xz  T_38.8, 8;
    %pushi/vec4 0, 0, 1;
    %store/vec4 v00000154f0fd7ed0_0, 0, 1;
    %pushi/vec4 1, 0, 1;
    %store/vec4 v00000154f0fd7b10_0, 0, 1;
    %pushi/vec4 1, 0, 1;
    %store/vec4 v00000154f0fd7390_0, 0, 1;
    %pushi/vec4 1, 0, 1;
    %store/vec4 v00000154f0fd8f10_0, 0, 1;
    %pushi/vec4 1, 0, 3;
    %assign/vec4 v00000154f0fd8dd0_0, 0;
    %jmp T_38.9;
T_38.8 ;
    %pushi/vec4 1, 0, 1;
    %store/vec4 v00000154f0fd7ed0_0, 0, 1;
    %pushi/vec4 1, 0, 1;
    %store/vec4 v00000154f0fd7390_0, 0, 1;
    %pushi/vec4 0, 0, 1;
    %store/vec4 v00000154f0fd8f10_0, 0, 1;
    %pushi/vec4 0, 0, 1;
    %store/vec4 v00000154f0fd7b10_0, 0, 1;
    %pushi/vec4 0, 0, 1;
    %store/vec4 v00000154f0fd79d0_0, 0, 1;
    %pushi/vec4 0, 0, 1;
    %store/vec4 v00000154f0fd7c50_0, 0, 1;
    %pushi/vec4 1, 0, 1;
    %store/vec4 v00000154f0fd8d30_0, 0, 1;
    %pushi/vec4 0, 0, 1;
    %store/vec4 v00000154f0fd7cf0_0, 0, 1;
    %pushi/vec4 0, 0, 3;
    %assign/vec4 v00000154f0fd8dd0_0, 0;
T_38.9 ;
    %jmp T_38.7;
T_38.1 ;
    %load/vec4 v00000154f0fd8bf0_0;
    %pad/u 32;
    %cmpi/e 0, 0, 32;
    %jmp/0xz  T_38.11, 4;
    %pushi/vec4 0, 0, 1;
    %store/vec4 v00000154f0fd7390_0, 0, 1;
    %pushi/vec4 1, 0, 3;
    %assign/vec4 v00000154f0fd8dd0_0, 0;
    %jmp T_38.12;
T_38.11 ;
    %pushi/vec4 1, 0, 1;
    %store/vec4 v00000154f0fd7390_0, 0, 1;
    %pushi/vec4 0, 0, 1;
    %store/vec4 v00000154f0fd8f10_0, 0, 1;
    %pushi/vec4 0, 0, 1;
    %store/vec4 v00000154f0fd7b10_0, 0, 1;
    %pushi/vec4 1, 0, 1;
    %store/vec4 v00000154f0fd7c50_0, 0, 1;
    %pushi/vec4 0, 0, 1;
    %store/vec4 v00000154f0fd8d30_0, 0, 1;
    %pushi/vec4 2, 0, 3;
    %assign/vec4 v00000154f0fd8dd0_0, 0;
T_38.12 ;
    %jmp T_38.7;
T_38.2 ;
    %load/vec4 v00000154f0fd7570_0;
    %pad/u 32;
    %cmpi/e 0, 0, 32;
    %jmp/0xz  T_38.13, 4;
    %pushi/vec4 0, 0, 1;
    %store/vec4 v00000154f0fd7390_0, 0, 1;
    %pushi/vec4 0, 0, 1;
    %store/vec4 v00000154f0fd8d30_0, 0, 1;
    %pushi/vec4 2, 0, 3;
    %assign/vec4 v00000154f0fd8dd0_0, 0;
    %jmp T_38.14;
T_38.13 ;
    %pushi/vec4 1, 0, 1;
    %store/vec4 v00000154f0fd8f10_0, 0, 1;
    %pushi/vec4 3, 0, 3;
    %assign/vec4 v00000154f0fd8dd0_0, 0;
T_38.14 ;
    %jmp T_38.7;
T_38.3 ;
    %load/vec4 v00000154f0fd8a10_0;
    %nor/r;
    %flag_set/vec4 8;
    %jmp/0xz  T_38.15, 8;
    %pushi/vec4 1, 0, 1;
    %store/vec4 v00000154f0fd8d30_0, 0, 1;
    %pushi/vec4 0, 0, 1;
    %store/vec4 v00000154f0fd8f10_0, 0, 1;
    %pushi/vec4 2, 0, 3;
    %assign/vec4 v00000154f0fd8dd0_0, 0;
    %jmp T_38.16;
T_38.15 ;
    %pushi/vec4 1, 0, 1;
    %store/vec4 v00000154f0fd79d0_0, 0, 1;
    %pushi/vec4 0, 0, 1;
    %store/vec4 v00000154f0fd8f10_0, 0, 1;
    %pushi/vec4 1, 0, 1;
    %store/vec4 v00000154f0fd7390_0, 0, 1;
    %pushi/vec4 0, 0, 1;
    %store/vec4 v00000154f0fd7c50_0, 0, 1;
    %pushi/vec4 4, 0, 3;
    %assign/vec4 v00000154f0fd8dd0_0, 0;
T_38.16 ;
    %jmp T_38.7;
T_38.4 ;
    %pushi/vec4 1, 0, 1;
    %store/vec4 v00000154f0fd8f10_0, 0, 1;
    %pushi/vec4 0, 0, 1;
    %store/vec4 v00000154f0fd7390_0, 0, 1;
    %pushi/vec4 5, 0, 3;
    %assign/vec4 v00000154f0fd8dd0_0, 0;
    %jmp T_38.7;
T_38.5 ;
    %load/vec4 v00000154f0fd7e30_0;
    %pad/u 32;
    %cmpi/e 0, 0, 32;
    %jmp/0xz  T_38.17, 4;
    %pushi/vec4 0, 0, 1;
    %store/vec4 v00000154f0fd8f10_0, 0, 1;
    %pushi/vec4 4, 0, 3;
    %assign/vec4 v00000154f0fd8dd0_0, 0;
    %jmp T_38.18;
T_38.17 ;
    %vpi_call/w 5 97 "$display", "alalal, time = %d, muk end == %d", $time, v00000154f0fd7e30_0 {0 0 0};
    %pushi/vec4 0, 0, 1;
    %store/vec4 v00000154f0fd79d0_0, 0, 1;
    %pushi/vec4 6, 0, 3;
    %assign/vec4 v00000154f0fd8dd0_0, 0;
T_38.18 ;
    %jmp T_38.7;
T_38.6 ;
    %pushi/vec4 1, 0, 1;
    %store/vec4 v00000154f0fd7cf0_0, 0, 1;
    %pushi/vec4 0, 0, 3;
    %assign/vec4 v00000154f0fd8dd0_0, 0;
    %jmp T_38.7;
T_38.7 ;
    %pop/vec4 1;
    %jmp T_38;
    .thread T_38, $push;
    .scope S_00000154f0f09560;
T_39 ;
    %pushi/vec4 0, 0, 1;
    %store/vec4 v00000154f10612b0_0, 0, 1;
    %end;
    .thread T_39;
    .scope S_00000154f0f09560;
T_40 ;
T_40.0 ;
    %delay 2, 0;
    %load/vec4 v00000154f10612b0_0;
    %inv;
    %store/vec4 v00000154f10612b0_0, 0, 1;
    %jmp T_40.0;
    %end;
    .thread T_40;
    .scope S_00000154f0f09560;
T_41 ;
    %vpi_call/w 3 29 "$dumpfile", "out.vcd" {0 0 0};
    %vpi_call/w 3 30 "$dumpvars", 32'sb00000000000000000000000000000000, S_00000154f0f09560 {0 0 0};
    %pushi/vec4 1, 0, 1;
    %store/vec4 v00000154f1061710_0, 0, 1;
    %delay 5, 0;
    %pushi/vec4 0, 0, 1;
    %store/vec4 v00000154f1061710_0, 0, 1;
    %pushi/vec4 1, 0, 4;
    %store/vec4 v00000154f1060e50_0, 0, 4;
    %delay 5, 0;
    %pushi/vec4 1, 0, 1;
    %store/vec4 v00000154f105f410_0, 0, 1;
    %delay 200, 0;
    %pushi/vec4 1, 0, 1;
    %store/vec4 v00000154f1061710_0, 0, 1;
    %delay 5, 0;
    %pushi/vec4 1, 0, 1;
    %store/vec4 v00000154f105f410_0, 0, 1;
    %pushi/vec4 0, 0, 1;
    %store/vec4 v00000154f1061710_0, 0, 1;
    %pushi/vec4 2, 0, 4;
    %store/vec4 v00000154f1060e50_0, 0, 4;
    %delay 5, 0;
    %delay 90, 0;
    %vpi_call/w 3 51 "$finish" {0 0 0};
    %end;
    .thread T_41;
    .scope S_00000154f0f09560;
T_42 ;
    %wait E_00000154f0fc92d0;
    %vpi_call/w 3 55 "$display", "mul end = %d, time = %d", v00000154f10601d0_0, $time {0 0 0};
    %jmp T_42;
    .thread T_42, $push;
# The file index is used to find the file name in the following table.
:file_names 12;
    "N/A";
    "<interactive>";
    "-";
    ".\B_TB.sv";
    "./B.sv";
    "./B_Controller_FSM.sv";
    "./B_Datapath.sv";
    "./Utilities.sv";
    "./A.sv";
    "./A_Controller_FSM.sv";
    "./A_Datapath.sv";
    "./ROM.sv";
